Archive member included because of file (symbol)

lib/obj/libstm32f37x.a(stm32f37x_i2c_cpal.o)
                              obj/mBus.o (CPAL_I2C_Init)
lib/obj/libstm32f37x.a(stm32f37x_i2c_cpal_hal.o)
                              lib/obj/libstm32f37x.a(stm32f37x_i2c_cpal.o) (CPAL_I2C_HAL_CLKInit)
lib/obj/libstm32f37x.a(stm32f37x_dma.o)
                              lib/obj/libstm32f37x.a(stm32f37x_i2c_cpal_hal.o) (DMA_DeInit)
lib/obj/libstm32f37x.a(stm32f37x_exti.o)
                              obj/mUSB.o (EXTI_Init)
lib/obj/libstm32f37x.a(stm32f37x_gpio.o)
                              obj/mGeneral.o (GPIO_Init)
lib/obj/libstm32f37x.a(stm32f37x_i2c.o)
                              lib/obj/libstm32f37x.a(stm32f37x_i2c_cpal.o) (I2C_Init)
lib/obj/libstm32f37x.a(stm32f37x_misc.o)
                              obj/mUSB.o (NVIC_PriorityGroupConfig)
lib/obj/libstm32f37x.a(stm32f37x_rcc.o)
                              obj/mBus.o (RCC_I2CCLKConfig)
lib/obj/libstm32f37x.a(stm32f37x_syscfg.o)
                              obj/mZigbee.o (SYSCFG_EXTILineConfig)
lib/obj/libstm32f37x.a(stm32f37x_usart.o)
                              obj/mUSART.o (USART_DeInit)
lib/obj/libstm32f37x.a(system_stm32f37x.o)
                              obj/mUSB.o (SystemInit)
lib/obj/libstm32f37x.a(usb_core.o)
                              obj/mUSB.o (Standard_GetDescriptorData)
lib/obj/libstm32f37x.a(usb_init.o)
                              obj/mUSB.o (USB_Init)
lib/obj/libstm32f37x.a(usb_int.o)
                              obj/mUSB.o (CTR_LP)
lib/obj/libstm32f37x.a(usb_mem.o)
                              obj/mUSB.o (UserToPMABufferCopy)
lib/obj/libstm32f37x.a(usb_regs.o)
                              obj/mUSB.o (SetBTABLE)
lib/obj/libstm32f37x.a(usb_sil.o)
                              obj/mUSB.o (USB_SIL_Init)
/usr/local/Cellar/arm-none-eabi-gcc/20130916/bin/../lib/gcc/arm-none-eabi/4.7.4/../../../../arm-none-eabi/lib/armv7e-m/fpu/libc_s.a(lib_a-impure.o)
                              obj/mUSB.o (_impure_ptr)
/usr/local/Cellar/arm-none-eabi-gcc/20130916/bin/../lib/gcc/arm-none-eabi/4.7.4/../../../../arm-none-eabi/lib/armv7e-m/fpu/libc_s.a(lib_a-memcpy.o)
                              obj/mZigbee.o (memcpy)
/usr/local/Cellar/arm-none-eabi-gcc/20130916/bin/../lib/gcc/arm-none-eabi/4.7.4/../../../../arm-none-eabi/lib/armv7e-m/fpu/libc_s.a(lib_a-memset.o)
                              obj/mUSART.o (memset)
/usr/local/Cellar/arm-none-eabi-gcc/20130916/bin/../lib/gcc/arm-none-eabi/4.7.4/../../../../arm-none-eabi/lib/armv7e-m/fpu/libc_s.a(lib_a-printf.o)
                              obj/mUSB.o (printf)
/usr/local/Cellar/arm-none-eabi-gcc/20130916/bin/../lib/gcc/arm-none-eabi/4.7.4/../../../../arm-none-eabi/lib/armv7e-m/fpu/libc_s.a(lib_a-puts.o)
                              obj/mZigbee.o (puts)
/usr/local/Cellar/arm-none-eabi-gcc/20130916/bin/../lib/gcc/arm-none-eabi/4.7.4/../../../../arm-none-eabi/lib/armv7e-m/fpu/libc_s.a(lib_a-setvbuf.o)
                              obj/mUSB.o (setvbuf)
/usr/local/Cellar/arm-none-eabi-gcc/20130916/bin/../lib/gcc/arm-none-eabi/4.7.4/../../../../arm-none-eabi/lib/armv7e-m/fpu/libc_s.a(lib_a-snprintf.o)
                              obj/mUSART.o (snprintf)
/usr/local/Cellar/arm-none-eabi-gcc/20130916/bin/../lib/gcc/arm-none-eabi/4.7.4/../../../../arm-none-eabi/lib/armv7e-m/fpu/libc_s.a(lib_a-svfprintf.o)
                              /usr/local/Cellar/arm-none-eabi-gcc/20130916/bin/../lib/gcc/arm-none-eabi/4.7.4/../../../../arm-none-eabi/lib/armv7e-m/fpu/libc_s.a(lib_a-snprintf.o) (_svfprintf_r)
/usr/local/Cellar/arm-none-eabi-gcc/20130916/bin/../lib/gcc/arm-none-eabi/4.7.4/../../../../arm-none-eabi/lib/armv7e-m/fpu/libc_s.a(lib_a-vfprintf.o)
                              /usr/local/Cellar/arm-none-eabi-gcc/20130916/bin/../lib/gcc/arm-none-eabi/4.7.4/../../../../arm-none-eabi/lib/armv7e-m/fpu/libc_s.a(lib_a-printf.o) (_vfprintf_r)
/usr/local/Cellar/arm-none-eabi-gcc/20130916/bin/../lib/gcc/arm-none-eabi/4.7.4/../../../../arm-none-eabi/lib/armv7e-m/fpu/libc_s.a(lib_a-vfprintf_i.o)
                              /usr/local/Cellar/arm-none-eabi-gcc/20130916/bin/../lib/gcc/arm-none-eabi/4.7.4/../../../../arm-none-eabi/lib/armv7e-m/fpu/libc_s.a(lib_a-svfprintf.o) (_printf_i)
/usr/local/Cellar/arm-none-eabi-gcc/20130916/bin/../lib/gcc/arm-none-eabi/4.7.4/../../../../arm-none-eabi/lib/armv7e-m/fpu/libc_s.a(lib_a-wbuf.o)
                              /usr/local/Cellar/arm-none-eabi-gcc/20130916/bin/../lib/gcc/arm-none-eabi/4.7.4/../../../../arm-none-eabi/lib/armv7e-m/fpu/libc_s.a(lib_a-vfprintf.o) (__swbuf_r)
/usr/local/Cellar/arm-none-eabi-gcc/20130916/bin/../lib/gcc/arm-none-eabi/4.7.4/../../../../arm-none-eabi/lib/armv7e-m/fpu/libc_s.a(lib_a-wsetup.o)
                              /usr/local/Cellar/arm-none-eabi-gcc/20130916/bin/../lib/gcc/arm-none-eabi/4.7.4/../../../../arm-none-eabi/lib/armv7e-m/fpu/libc_s.a(lib_a-vfprintf.o) (__swsetup_r)
[...]
Memory Configuration

Name             Origin             Length             Attributes
FLASH            0x0000000008000000 0x0000000000040000 xr
RAM              0x0000000020000000 0x0000000000008000 xrw
*default*        0x0000000000000000 0xffffffffffffffff

Linker script and memory map

LOAD lib/obj/libstm32f37x.a
LOAD obj/mBus.o
LOAD obj/mGeneral.o
LOAD obj/mUSART.o
LOAD obj/mUSB.o
LOAD obj/mZigbee.o
LOAD obj/main.o
LOAD obj/stm32f37x_it.o
LOAD obj/startup_stm32f37x.o
LOAD lib/obj/libstm32f37x.a
START GROUP
LOAD /usr/local/Cellar/arm-none-eabi-gcc/20130916/bin/../lib/gcc/arm-none-eabi/4.7.4/armv7e-m/fpu/libgcc.a
LOAD /usr/local/Cellar/arm-none-eabi-gcc/20130916/bin/../lib/gcc/arm-none-eabi/4.7.4/../../../../arm-none-eabi/lib/armv7e-m/fpu/libc_s.a
END GROUP
                0x0000000020008000                _estack = 0x20008000
                0x0000000000000000                _Min_Heap_Size = 0x0
                0x0000000000000400                _Min_Stack_Size = 0x400

.isr_vector     0x0000000008000000      0x188
                0x0000000008000000                . = ALIGN (0x4)
 *(.isr_vector)
 .isr_vector    0x0000000008000000      0x188 obj/startup_stm32f37x.o
                0x0000000008000000                g_pfnVectors
                0x0000000008000188                . = ALIGN (0x4)

.text           0x0000000008000188     0x3434
                0x0000000008000188                . = ALIGN (0x4)
 *(.text)
 *(.text*)
 .text.mBusInit
                0x0000000008000188       0x64 obj/mBus.o
                0x0000000008000188                mBusInit
 .text.CPAL_TIMEOUT_UserCallback
                0x00000000080001ec       0x10 obj/mBus.o
                0x00000000080001ec                CPAL_TIMEOUT_UserCallback
 .text.CPAL_I2C_DMARXTC_UserCallback
                0x00000000080001fc       0x14 obj/mBus.o
                0x00000000080001fc                CPAL_I2C_DMARXTC_UserCallback
 .text.CPAL_I2C_ERR_UserCallback
                0x0000000008000210       0xd8 obj/mBus.o
                0x0000000008000210                CPAL_I2C_ERR_UserCallback
 .text.mInit    0x00000000080002e8       0xec obj/mGeneral.o
                0x00000000080002e8                mInit
 .text.USART_init
                0x00000000080003d4       0x9c obj/mUSART.o
                0x00000000080003d4                USART_init
 .text.USART_set_baudrate
                0x0000000008000470       0x34 obj/mUSART.o
                0x0000000008000470                USART_set_baudrate
 .text.USART_transmit_char
                0x00000000080004a4       0x16 obj/mUSART.o
                0x00000000080004a4                USART_transmit_char
 *fill*         0x00000000080004ba        0x2 00
 .text.USART_transmit_int
                0x00000000080004bc       0x38 obj/mUSART.o
                0x00000000080004bc                USART_transmit_int
 .text.USART_transmit_uint
                0x00000000080004f4       0x30 obj/mUSART.o
                0x00000000080004f4                USART_transmit_uint
 .text.USART_transmit_long
                0x0000000008000524       0x38 obj/mUSART.o
                0x0000000008000524                USART_transmit_long
 .text.USART_transmit_ulong
                0x000000000800055c       0x38 obj/mUSART.o
                0x000000000800055c                USART_transmit_ulong
 .text.USART_transmit_string
                0x0000000008000594       0x22 obj/mUSART.o
                0x0000000008000594                USART_transmit_string
 *fill*         0x00000000080005b6        0x2 00
 .text.EP1_IN_Callback
                0x00000000080005b8        0xc obj/mUSB.o
                0x00000000080005b8                EP1_IN_Callback
 .text.Virtual_Com_Port_Status_In
                0x00000000080005c4       0x14 obj/mUSB.o
                0x00000000080005c4                Virtual_Com_Port_Status_In
 .text.Virtual_Com_Port_Status_Out
                0x00000000080005d8        0x2 obj/mUSB.o
                0x00000000080005d8                Virtual_Com_Port_Status_Out
 *fill*         0x00000000080005da        0x2 00
 .text.Virtual_Com_Port_Data_Setup
                0x00000000080005dc       0x5c obj/mUSB.o
                0x00000000080005dc                Virtual_Com_Port_Data_Setup
 .text.Virtual_Com_Port_NoData_Setup
                0x0000000008000638       0x24 obj/mUSB.o
                0x0000000008000638                Virtual_Com_Port_NoData_Setup
 .text.Virtual_Com_Port_Get_Interface_Setting
                0x000000000800065c        0xe obj/mUSB.o
                0x000000000800065c                Virtual_Com_Port_Get_Interface_Setting
 *fill*         0x000000000800066a        0x2 00
 .text.Virtual_Com_Port_GetLineCoding
                0x000000000800066c       0x18 obj/mUSB.o
                0x000000000800066c                Virtual_Com_Port_GetLineCoding
 .text.Virtual_Com_Port_SetLineCoding
                0x0000000008000684       0x18 obj/mUSB.o
                0x0000000008000684                Virtual_Com_Port_SetLineCoding
 .text.IntToUnicode
                0x000000000800069c       0x2a obj/mUSB.o
 *fill*         0x00000000080006c6        0x2 00
 .text.Virtual_Com_Port_GetStringDescriptor
                0x00000000080006c8       0x20 obj/mUSB.o
                0x00000000080006c8                Virtual_Com_Port_GetStringDescriptor
 .text.Virtual_Com_Port_GetConfigDescriptor
                0x00000000080006e8        0xc obj/mUSB.o
                0x00000000080006e8                Virtual_Com_Port_GetConfigDescriptor
 .text.Virtual_Com_Port_GetDeviceDescriptor
                0x00000000080006f4        0xc obj/mUSB.o
                0x00000000080006f4                Virtual_Com_Port_GetDeviceDescriptor
 .text.Virtual_Com_Port_Reset
                0x0000000008000700       0xdc obj/mUSB.o
                0x0000000008000700                Virtual_Com_Port_Reset
 .text.EP3_OUT_Callback
                0x00000000080007dc       0x30 obj/mUSB.o
                0x00000000080007dc                EP3_OUT_Callback
 .text.USBWakeUp_IRQHandler
                0x000000000800080c        0x8 obj/mUSB.o
                0x000000000800080c                USBWakeUp_IRQHandler
 .text.PowerOn  0x0000000008000814       0x34 obj/mUSB.o
                0x0000000008000814                PowerOn
 .text.Suspend  0x0000000008000848       0xd8 obj/mUSB.o
                0x0000000008000848                Suspend
 .text.Leave_LowPowerMode
                0x0000000008000920       0x1c obj/mUSB.o
                0x0000000008000920                Leave_LowPowerMode
 .text.Resume_Init
                0x000000000800093c       0x20 obj/mUSB.o
                0x000000000800093c                Resume_Init
 .text.Resume   0x000000000800095c       0xa4 obj/mUSB.o
                0x000000000800095c                Resume
 .text.USB_Istr
                0x0000000008000a00      0x1ac obj/mUSB.o
                0x0000000008000a00                USB_Istr
 .text.USB_LP_IRQHandler
                0x0000000008000bac        0x4 obj/mUSB.o
                0x0000000008000bac                USB_LP_IRQHandler
 .text.Get_SerialNum
                0x0000000008000bb0       0x34 obj/mUSB.o
                0x0000000008000bb0                Get_SerialNum
 .text.Virtual_Com_Port_init
                0x0000000008000be4       0x24 obj/mUSB.o
                0x0000000008000be4                Virtual_Com_Port_init
 .text.CDC_Send_DATA
                0x0000000008000c08       0x34 obj/mUSB.o
                0x0000000008000c08                CDC_Send_DATA
 .text._write   0x0000000008000c3c       0x7c obj/mUSB.o
                0x0000000008000c3c                _write
 .text._sbrk    0x0000000008000cb8       0x3c obj/mUSB.o
                0x0000000008000cb8                _sbrk
 .text.startup.main
                0x0000000008000cf4       0xb8 obj/main.o
                0x0000000008000cf4                main
 .text.NMI_Handler
                0x0000000008000dac        0x2 obj/stm32f37x_it.o
                0x0000000008000dac                NMI_Handler
 .text.HardFault_Handler
                0x0000000008000dae        0x2 obj/stm32f37x_it.o
                0x0000000008000dae                HardFault_Handler
 .text.MemManage_Handler
                0x0000000008000db0        0x2 obj/stm32f37x_it.o
                0x0000000008000db0                MemManage_Handler
 .text.BusFault_Handler
                0x0000000008000db2        0x2 obj/stm32f37x_it.o
                0x0000000008000db2                BusFault_Handler
 .text.UsageFault_Handler
                0x0000000008000db4        0x2 obj/stm32f37x_it.o
                0x0000000008000db4                UsageFault_Handler
 .text.SVC_Handler
                0x0000000008000db6        0x2 obj/stm32f37x_it.o
                0x0000000008000db6                SVC_Handler
 .text.DebugMon_Handler
                0x0000000008000db8        0x2 obj/stm32f37x_it.o
                0x0000000008000db8                DebugMon_Handler
 .text.PendSV_Handler
                0x0000000008000dba        0x2 obj/stm32f37x_it.o
                0x0000000008000dba                PendSV_Handler
 .text.Reset_Handler
                0x0000000008000dbc       0x50 obj/startup_stm32f37x.o
                0x0000000008000dbc                Reset_Handler
 .text.Default_Handler
                0x0000000008000e0c        0x4 obj/startup_stm32f37x.o
                0x0000000008000e0c                DMA2_Channel3_IRQHandler
                0x0000000008000e0c                USB_HP_IRQHandler
                0x0000000008000e0c                PVD_IRQHandler
                0x0000000008000e0c                EXTI3_IRQHandler
                0x0000000008000e0c                EXTI0_IRQHandler
                0x0000000008000e0c                CAN1_RX0_IRQHandler
                0x0000000008000e0c                FPU_IRQHandler
                0x0000000008000e0c                EXTI2_TS_IRQHandler
                0x0000000008000e0c                SPI1_IRQHandler
                0x0000000008000e0c                DMA2_Channel2_IRQHandler
                0x0000000008000e0c                ADC1_IRQHandler
                0x0000000008000e0c                TIM17_IRQHandler
                0x0000000008000e0c                USART3_IRQHandler
                0x0000000008000e0c                CAN1_RX1_IRQHandler
                0x0000000008000e0c                TIM4_IRQHandler
                0x0000000008000e0c                DMA2_Channel1_IRQHandler
                0x0000000008000e0c                TIM16_IRQHandler
                0x0000000008000e0c                DMA2_Channel4_IRQHandler
                0x0000000008000e0c                TIM3_IRQHandler
                0x0000000008000e0c                RCC_IRQHandler
                0x0000000008000e0c                DMA1_Channel1_IRQHandler
                0x0000000008000e0c                Default_Handler
                0x0000000008000e0c                CEC_IRQHandler
                0x0000000008000e0c                EXTI15_10_IRQHandler
                0x0000000008000e0c                TIM14_IRQHandler
                0x0000000008000e0c                TIM13_IRQHandler
                0x0000000008000e0c                TIM12_IRQHandler
                0x0000000008000e0c                TIM7_IRQHandler
                0x0000000008000e0c                TIM5_IRQHandler
                0x0000000008000e0c                SDADC2_IRQHandler
                0x0000000008000e0c                TIM15_IRQHandler
                0x0000000008000e0c                TIM6_DAC1_IRQHandler
                0x0000000008000e0c                EXTI9_5_IRQHandler
                0x0000000008000e0c                TAMPER_STAMP_IRQHandler
                0x0000000008000e0c                RTC_WKUP_IRQHandler
                0x0000000008000e0c                SPI2_IRQHandler
                0x0000000008000e0c                CAN1_TX_IRQHandler
                0x0000000008000e0c                DMA2_Channel5_IRQHandler
                0x0000000008000e0c                EXTI4_IRQHandler
                0x0000000008000e0c                TIM18_DAC2_IRQHandler
                0x0000000008000e0c                DMA1_Channel3_IRQHandler
                0x0000000008000e0c                COMP_IRQHandler
                0x0000000008000e0c                WWDG_IRQHandler
                0x0000000008000e0c                SDADC1_IRQHandler
                0x0000000008000e0c                TIM2_IRQHandler
                0x0000000008000e0c                EXTI1_IRQHandler
                0x0000000008000e0c                SDADC3_IRQHandler
                0x0000000008000e0c                USART2_IRQHandler
                0x0000000008000e0c                TIM19_IRQHandler
                0x0000000008000e0c                DMA1_Channel2_IRQHandler
                0x0000000008000e0c                CAN1_SCE_IRQHandler
                0x0000000008000e0c                FLASH_IRQHandler
                0x0000000008000e0c                USART1_IRQHandler
                0x0000000008000e0c                SPI3_IRQHandler
                0x0000000008000e0c                RTC_Alarm_IRQHandler
 .text.CPAL_I2C_Timeout
                0x0000000008000e10       0x12 lib/obj/libstm32f37x.a(stm32f37x_i2c_cpal.o)
 *fill*         0x0000000008000e22        0x2 00
 .text.CPAL_I2C_Init
                0x0000000008000e24      0x158 lib/obj/libstm32f37x.a(stm32f37x_i2c_cpal.o)
                0x0000000008000e24                CPAL_I2C_Init
 .text.CPAL_I2C_StructInit
                0x0000000008000f7c       0x38 lib/obj/libstm32f37x.a(stm32f37x_i2c_cpal.o)
                0x0000000008000f7c                CPAL_I2C_StructInit
 .text.CPAL_I2C_EV_IRQHandler
                0x0000000008000fb4      0x1f4 lib/obj/libstm32f37x.a(stm32f37x_i2c_cpal.o)
                0x0000000008000fb4                CPAL_I2C_EV_IRQHandler
 .text.CPAL_I2C_ER_IRQHandler
                0x00000000080011a8       0x5c lib/obj/libstm32f37x.a(stm32f37x_i2c_cpal.o)
                0x00000000080011a8                CPAL_I2C_ER_IRQHandler
 .text.CPAL_I2C_DMA_TX_IRQHandler
                0x0000000008001204       0xb0 lib/obj/libstm32f37x.a(stm32f37x_i2c_cpal.o)
                0x0000000008001204                CPAL_I2C_DMA_TX_IRQHandler
 .text.CPAL_I2C_DMA_RX_IRQHandler
                0x00000000080012b4       0xd8 lib/obj/libstm32f37x.a(stm32f37x_i2c_cpal.o)
                0x00000000080012b4                CPAL_I2C_DMA_RX_IRQHandler
 .text.SysTick_Handler
                0x000000000800138c       0x4c lib/obj/libstm32f37x.a(stm32f37x_i2c_cpal.o)
                0x000000000800138c                SysTick_Handler
 .text.CPAL_HAL_NVICInit
                0x00000000080013d8        0x8 lib/obj/libstm32f37x.a(stm32f37x_i2c_cpal_hal.o)
                0x00000000080013d8                CPAL_HAL_NVICInit
 .text.CPAL_I2C_HAL_CLKInit
                0x00000000080013e0       0x28 lib/obj/libstm32f37x.a(stm32f37x_i2c_cpal_hal.o)
                0x00000000080013e0                CPAL_I2C_HAL_CLKInit
 .text.CPAL_I2C_HAL_CLKDeInit
                0x0000000008001408       0x28 lib/obj/libstm32f37x.a(stm32f37x_i2c_cpal_hal.o)
                0x0000000008001408                CPAL_I2C_HAL_CLKDeInit
 .text.CPAL_I2C_HAL_GPIOInit
                0x0000000008001430       0xa8 lib/obj/libstm32f37x.a(stm32f37x_i2c_cpal_hal.o)
                0x0000000008001430                CPAL_I2C_HAL_GPIOInit
 .text.CPAL_I2C_HAL_GPIODeInit
                0x00000000080014d8       0x58 lib/obj/libstm32f37x.a(stm32f37x_i2c_cpal_hal.o)
                0x00000000080014d8                CPAL_I2C_HAL_GPIODeInit
 .text.CPAL_I2C_HAL_DMAInit
                0x0000000008001530       0x88 lib/obj/libstm32f37x.a(stm32f37x_i2c_cpal_hal.o)
                0x0000000008001530                CPAL_I2C_HAL_DMAInit
 .text.CPAL_I2C_HAL_DMADeInit
                0x00000000080015b8       0x30 lib/obj/libstm32f37x.a(stm32f37x_i2c_cpal_hal.o)
                0x00000000080015b8                CPAL_I2C_HAL_DMADeInit
 .text.CPAL_I2C_HAL_ITInit
                0x00000000080015e8      0x13c lib/obj/libstm32f37x.a(stm32f37x_i2c_cpal_hal.o)
                0x00000000080015e8                CPAL_I2C_HAL_ITInit
 .text.I2C1_EV_IRQHandler
                0x0000000008001724        0xc lib/obj/libstm32f37x.a(stm32f37x_i2c_cpal_hal.o)
                0x0000000008001724                I2C1_EV_IRQHandler
 .text.I2C1_ER_IRQHandler
                0x0000000008001730       0x10 lib/obj/libstm32f37x.a(stm32f37x_i2c_cpal_hal.o)
                0x0000000008001730                I2C1_ER_IRQHandler
 .text.DMA1_Channel6_IRQHandler
                0x0000000008001740        0xc lib/obj/libstm32f37x.a(stm32f37x_i2c_cpal_hal.o)
                0x0000000008001740                DMA1_Channel6_IRQHandler
 .text.DMA1_Channel7_IRQHandler
                0x000000000800174c        0xc lib/obj/libstm32f37x.a(stm32f37x_i2c_cpal_hal.o)
                0x000000000800174c                DMA1_Channel7_IRQHandler
 .text.I2C2_EV_IRQHandler
                0x0000000008001758        0xc lib/obj/libstm32f37x.a(stm32f37x_i2c_cpal_hal.o)
                0x0000000008001758                I2C2_EV_IRQHandler
 .text.I2C2_ER_IRQHandler
                0x0000000008001764       0x10 lib/obj/libstm32f37x.a(stm32f37x_i2c_cpal_hal.o)
                0x0000000008001764                I2C2_ER_IRQHandler
 .text.DMA1_Channel4_IRQHandler
                0x0000000008001774        0xc lib/obj/libstm32f37x.a(stm32f37x_i2c_cpal_hal.o)
                0x0000000008001774                DMA1_Channel4_IRQHandler
 .text.DMA1_Channel5_IRQHandler
                0x0000000008001780        0xc lib/obj/libstm32f37x.a(stm32f37x_i2c_cpal_hal.o)
                0x0000000008001780                DMA1_Channel5_IRQHandler
 .text.DMA_DeInit
                0x000000000800178c       0xf0 lib/obj/libstm32f37x.a(stm32f37x_dma.o)
                0x000000000800178c                DMA_DeInit
 .text.DMA_Init
                0x000000000800187c       0x40 lib/obj/libstm32f37x.a(stm32f37x_dma.o)
                0x000000000800187c                DMA_Init
 .text.EXTI_ClearITPendingBit
                0x00000000080018bc        0xc lib/obj/libstm32f37x.a(stm32f37x_exti.o)
                0x00000000080018bc                EXTI_ClearITPendingBit
 .text.GPIO_Init
                0x00000000080018c8       0x84 lib/obj/libstm32f37x.a(stm32f37x_gpio.o)
                0x00000000080018c8                GPIO_Init
 .text.GPIO_PinLockConfig
                0x000000000800194c       0x26 lib/obj/libstm32f37x.a(stm32f37x_gpio.o)
                0x000000000800194c                GPIO_PinLockConfig
 .text.GPIO_ResetBits
                0x0000000008001972        0x4 lib/obj/libstm32f37x.a(stm32f37x_gpio.o)
                0x0000000008001972                GPIO_ResetBits
 .text.GPIO_PinAFConfig
                0x0000000008001976       0x2e lib/obj/libstm32f37x.a(stm32f37x_gpio.o)
                0x0000000008001976                GPIO_PinAFConfig
 .text.I2C_Init
                0x00000000080019a4       0x60 lib/obj/libstm32f37x.a(stm32f37x_i2c.o)
                0x00000000080019a4                I2C_Init
 .text.NVIC_PriorityGroupConfig
                0x0000000008001a04       0x14 lib/obj/libstm32f37x.a(stm32f37x_misc.o)
                0x0000000008001a04                NVIC_PriorityGroupConfig
 .text.NVIC_Init
                0x0000000008001a18       0x68 lib/obj/libstm32f37x.a(stm32f37x_misc.o)
                0x0000000008001a18                NVIC_Init
 .text.RCC_I2CCLKConfig
                0x0000000008001a80       0x20 lib/obj/libstm32f37x.a(stm32f37x_rcc.o)
                0x0000000008001a80                RCC_I2CCLKConfig
 .text.RCC_GetClocksFreq
                0x0000000008001aa0      0x18c lib/obj/libstm32f37x.a(stm32f37x_rcc.o)
                0x0000000008001aa0                RCC_GetClocksFreq
 .text.RCC_AHBPeriphClockCmd
                0x0000000008001c2c       0x18 lib/obj/libstm32f37x.a(stm32f37x_rcc.o)
                0x0000000008001c2c                RCC_AHBPeriphClockCmd
 .text.RCC_APB2PeriphClockCmd
                0x0000000008001c44       0x18 lib/obj/libstm32f37x.a(stm32f37x_rcc.o)
                0x0000000008001c44                RCC_APB2PeriphClockCmd
 .text.RCC_APB1PeriphClockCmd
                0x0000000008001c5c       0x18 lib/obj/libstm32f37x.a(stm32f37x_rcc.o)
                0x0000000008001c5c                RCC_APB1PeriphClockCmd
 .text.RCC_APB2PeriphResetCmd
                0x0000000008001c74       0x18 lib/obj/libstm32f37x.a(stm32f37x_rcc.o)
                0x0000000008001c74                RCC_APB2PeriphResetCmd
 .text.RCC_APB1PeriphResetCmd
                0x0000000008001c8c       0x18 lib/obj/libstm32f37x.a(stm32f37x_rcc.o)
                0x0000000008001c8c                RCC_APB1PeriphResetCmd
 .text.USART_DeInit
                0x0000000008001ca4       0x64 lib/obj/libstm32f37x.a(stm32f37x_usart.o)
                0x0000000008001ca4                USART_DeInit
 .text.USART_Init
                0x0000000008001d08       0xa4 lib/obj/libstm32f37x.a(stm32f37x_usart.o)
                0x0000000008001d08                USART_Init
 .text.USART_Cmd
                0x0000000008001dac       0x12 lib/obj/libstm32f37x.a(stm32f37x_usart.o)
                0x0000000008001dac                USART_Cmd
 .text.USART_SendData
                0x0000000008001dbe        0x8 lib/obj/libstm32f37x.a(stm32f37x_usart.o)
                0x0000000008001dbe                USART_SendData
 .text.USART_GetFlagStatus
                0x0000000008001dc6        0xc lib/obj/libstm32f37x.a(stm32f37x_usart.o)
                0x0000000008001dc6                USART_GetFlagStatus
 *fill*         0x0000000008001dd2        0x2 00
 .text.SystemInit
                0x0000000008001dd4      0x100 lib/obj/libstm32f37x.a(system_stm32f37x.o)
                0x0000000008001dd4                SystemInit
 .text.Standard_GetConfiguration
                0x0000000008001ed4       0x24 lib/obj/libstm32f37x.a(usb_core.o)
                0x0000000008001ed4                Standard_GetConfiguration
 .text.Standard_GetInterface
                0x0000000008001ef8       0x24 lib/obj/libstm32f37x.a(usb_core.o)
                0x0000000008001ef8                Standard_GetInterface
 .text.Standard_GetStatus
                0x0000000008001f1c       0x9c lib/obj/libstm32f37x.a(usb_core.o)
                0x0000000008001f1c                Standard_GetStatus
 .text.DataStageIn
                0x0000000008001fb8       0xa4 lib/obj/libstm32f37x.a(usb_core.o)
 .text.Standard_SetConfiguration
                0x000000000800205c       0x38 lib/obj/libstm32f37x.a(usb_core.o)
                0x000000000800205c                Standard_SetConfiguration
 .text.Standard_SetInterface
                0x0000000008002094       0x48 lib/obj/libstm32f37x.a(usb_core.o)
                0x0000000008002094                Standard_SetInterface
 .text.Standard_ClearFeature
                0x00000000080020dc       0xdc lib/obj/libstm32f37x.a(usb_core.o)
                0x00000000080020dc                Standard_ClearFeature
 .text.Standard_SetEndPointFeature
                0x00000000080021b8       0x8c lib/obj/libstm32f37x.a(usb_core.o)
                0x00000000080021b8                Standard_SetEndPointFeature
 .text.Standard_SetDeviceFeature
                0x0000000008002244       0x24 lib/obj/libstm32f37x.a(usb_core.o)
                0x0000000008002244                Standard_SetDeviceFeature
 .text.Standard_GetDescriptorData
                0x0000000008002268       0x1c lib/obj/libstm32f37x.a(usb_core.o)
                0x0000000008002268                Standard_GetDescriptorData
 .text.Post0_Process
                0x0000000008002284       0x40 lib/obj/libstm32f37x.a(usb_core.o)
                0x0000000008002284                Post0_Process
 .text.Out0_Process
                0x00000000080022c4       0xd4 lib/obj/libstm32f37x.a(usb_core.o)
                0x00000000080022c4                Out0_Process
 .text.Setup0_Process
                0x0000000008002398      0x2fc lib/obj/libstm32f37x.a(usb_core.o)
                0x0000000008002398                Setup0_Process
 .text.SetDeviceAddress
                0x0000000008002694       0x40 lib/obj/libstm32f37x.a(usb_core.o)
                0x0000000008002694                SetDeviceAddress
 .text.In0_Process
                0x00000000080026d4       0x60 lib/obj/libstm32f37x.a(usb_core.o)
                0x00000000080026d4                In0_Process
 .text.NOP_Process
                0x0000000008002734        0x2 lib/obj/libstm32f37x.a(usb_core.o)
                0x0000000008002734                NOP_Process
 *fill*         0x0000000008002736        0x2 00
 .text.CTR_LP   0x0000000008002738      0x190 lib/obj/libstm32f37x.a(usb_int.o)
                0x0000000008002738                CTR_LP
 .text.UserToPMABufferCopy
                0x00000000080028c8       0x2e lib/obj/libstm32f37x.a(usb_mem.o)
                0x00000000080028c8                UserToPMABufferCopy
 .text.PMAToUserBufferCopy
                0x00000000080028f6       0x24 lib/obj/libstm32f37x.a(usb_mem.o)
                0x00000000080028f6                PMAToUserBufferCopy
 *fill*         0x000000000800291a        0x2 00
 .text.SetBTABLE
                0x000000000800291c       0x10 lib/obj/libstm32f37x.a(usb_regs.o)
                0x000000000800291c                SetBTABLE
 .text.SetEPType
                0x000000000800292c       0x18 lib/obj/libstm32f37x.a(usb_regs.o)
                0x000000000800292c                SetEPType
 .text.SetEPTxStatus
                0x0000000008002944       0x3a lib/obj/libstm32f37x.a(usb_regs.o)
                0x0000000008002944                SetEPTxStatus
 .text.SetEPRxStatus
                0x000000000800297e       0x3a lib/obj/libstm32f37x.a(usb_regs.o)
                0x000000000800297e                SetEPRxStatus
 .text.SetEPTxValid
                0x00000000080029b8       0x22 lib/obj/libstm32f37x.a(usb_regs.o)
                0x00000000080029b8                SetEPTxValid
 .text.SetEPRxValid
                0x00000000080029da       0x22 lib/obj/libstm32f37x.a(usb_regs.o)
                0x00000000080029da                SetEPRxValid
 .text.Clear_Status_Out
                0x00000000080029fc       0x1e lib/obj/libstm32f37x.a(usb_regs.o)
                0x00000000080029fc                Clear_Status_Out
 .text.ClearDTOG_RX
                0x0000000008002a1a       0x24 lib/obj/libstm32f37x.a(usb_regs.o)
                0x0000000008002a1a                ClearDTOG_RX
 .text.ClearDTOG_TX
                0x0000000008002a3e       0x24 lib/obj/libstm32f37x.a(usb_regs.o)
                0x0000000008002a3e                ClearDTOG_TX
 *fill*         0x0000000008002a62        0x2 00
 .text.SetEPTxAddr
                0x0000000008002a64       0x20 lib/obj/libstm32f37x.a(usb_regs.o)
                0x0000000008002a64                SetEPTxAddr
 .text.SetEPRxAddr
                0x0000000008002a84       0x20 lib/obj/libstm32f37x.a(usb_regs.o)
                0x0000000008002a84                SetEPRxAddr
 .text.GetEPTxAddr
                0x0000000008002aa4       0x1c lib/obj/libstm32f37x.a(usb_regs.o)
                0x0000000008002aa4                GetEPTxAddr
 .text.GetEPRxAddr
                0x0000000008002ac0       0x1c lib/obj/libstm32f37x.a(usb_regs.o)
                0x0000000008002ac0                GetEPRxAddr
 .text.SetEPTxCount
                0x0000000008002adc       0x1c lib/obj/libstm32f37x.a(usb_regs.o)
                0x0000000008002adc                SetEPTxCount
 .text.SetEPRxCount
                0x0000000008002af8       0x3c lib/obj/libstm32f37x.a(usb_regs.o)
                0x0000000008002af8                SetEPRxCount
 .text.GetEPRxCount
                0x0000000008002b34       0x20 lib/obj/libstm32f37x.a(usb_regs.o)
                0x0000000008002b34                GetEPRxCount
 .text.ByteSwap
                0x0000000008002b54        0xa lib/obj/libstm32f37x.a(usb_regs.o)
                0x0000000008002b54                ByteSwap
 *fill*         0x0000000008002b5e        0x2 00
 .text.USB_SIL_Init
                0x0000000008002b60       0x20 lib/obj/libstm32f37x.a(usb_sil.o)
                0x0000000008002b60                USB_SIL_Init
 .text.memcpy   0x0000000008002b80       0x12 /usr/local/Cellar/arm-none-eabi-gcc/20130916/bin/../lib/gcc/arm-none-eabi/4.7.4/../../../../arm-none-eabi/lib/armv7e-m/fpu/libc_s.a(lib_a-memcpy.o)
                0x0000000008002b80                memcpy
 .text.memset   0x0000000008002b92       0x10 /usr/local/Cellar/arm-none-eabi-gcc/20130916/bin/../lib/gcc/arm-none-eabi/4.7.4/../../../../arm-none-eabi/lib/armv7e-m/fpu/libc_s.a(lib_a-memset.o)
                0x0000000008002b92                memset
 *fill*         0x0000000008002ba2        0x2 00
 .text.snprintf
                0x0000000008002ba4       0x64 /usr/local/Cellar/arm-none-eabi-gcc/20130916/bin/../lib/gcc/arm-none-eabi/4.7.4/../../../../arm-none-eabi/lib/armv7e-m/fpu/libc_s.a(lib_a-snprintf.o)
                0x0000000008002ba4                snprintf
                0x0000000008002ba4                sniprintf
 .text.__ssputc_r
                0x0000000008002c08       0xae /usr/local/Cellar/arm-none-eabi-gcc/20130916/bin/../lib/gcc/arm-none-eabi/4.7.4/../../../../arm-none-eabi/lib/armv7e-m/fpu/libc_s.a(lib_a-svfprintf.o)
                0x0000000008002c08                __ssputc_r
 *fill*         0x0000000008002cb6        0x2 00
 .text._svfprintf_r
                0x0000000008002cb8      0x1f4 /usr/local/Cellar/arm-none-eabi-gcc/20130916/bin/../lib/gcc/arm-none-eabi/4.7.4/../../../../arm-none-eabi/lib/armv7e-m/fpu/libc_s.a(lib_a-svfprintf.o)
                0x0000000008002cb8                _svfprintf_r
                0x0000000008002cb8                _svfiprintf_r
 .text._printf_common
                0x0000000008002eac       0xde /usr/local/Cellar/arm-none-eabi-gcc/20130916/bin/../lib/gcc/arm-none-eabi/4.7.4/../../../../arm-none-eabi/lib/armv7e-m/fpu/libc_s.a(lib_a-vfprintf_i.o)
                0x0000000008002eac                _printf_common
 *fill*         0x0000000008002f8a        0x2 00
 .text._printf_i
                0x0000000008002f8c      0x248 /usr/local/Cellar/arm-none-eabi-gcc/20130916/bin/../lib/gcc/arm-none-eabi/4.7.4/../../../../arm-none-eabi/lib/armv7e-m/fpu/libc_s.a(lib_a-vfprintf_i.o)
                0x0000000008002f8c                _printf_i
 .text._free_r  0x00000000080031d4       0x88 /usr/local/Cellar/arm-none-eabi-gcc/20130916/bin/../lib/gcc/arm-none-eabi/4.7.4/../../../../arm-none-eabi/lib/armv7e-m/fpu/libc_s.a(lib_a-freer.o)
                0x00000000080031d4                _free_r
 .text._malloc_r
                0x000000000800325c       0x94 /usr/local/Cellar/arm-none-eabi-gcc/20130916/bin/../lib/gcc/arm-none-eabi/4.7.4/../../../../arm-none-eabi/lib/armv7e-m/fpu/libc_s.a(lib_a-mallocr.o)
                0x000000000800325c                _malloc_r
 .text.memchr   0x00000000080032f0       0x1c /usr/local/Cellar/arm-none-eabi-gcc/20130916/bin/../lib/gcc/arm-none-eabi/4.7.4/../../../../arm-none-eabi/lib/armv7e-m/fpu/libc_s.a(lib_a-memchr.o)
                0x00000000080032f0                memchr
 .text._realloc_r
                0x000000000800330c       0x48 /usr/local/Cellar/arm-none-eabi-gcc/20130916/bin/../lib/gcc/arm-none-eabi/4.7.4/../../../../arm-none-eabi/lib/armv7e-m/fpu/libc_s.a(lib_a-reallocr.o)
                0x000000000800330c                _realloc_r
 .text._sbrk_r  0x0000000008003354       0x20 /usr/local/Cellar/arm-none-eabi-gcc/20130916/bin/../lib/gcc/arm-none-eabi/4.7.4/../../../../arm-none-eabi/lib/armv7e-m/fpu/libc_s.a(lib_a-sbrkr.o)
                0x0000000008003354                _sbrk_r
 .text.strlen   0x0000000008003374       0x10 /usr/local/Cellar/arm-none-eabi-gcc/20130916/bin/../lib/gcc/arm-none-eabi/4.7.4/../../../../arm-none-eabi/lib/armv7e-m/fpu/libc_s.a(lib_a-strlen.o)
                0x0000000008003374                strlen
 .text._malloc_usable_size_r
                0x0000000008003384       0x12 /usr/local/Cellar/arm-none-eabi-gcc/20130916/bin/../lib/gcc/arm-none-eabi/4.7.4/../../../../arm-none-eabi/lib/armv7e-m/fpu/libc_s.a(lib_a-msizer.o)
                0x0000000008003384                _malloc_usable_size_r
 *(.rodata)
 *(.rodata*)
 .rodata.str1.1
                0x0000000008003396        0xe obj/mUSART.o
 .rodata.Virtual_Com_Port_StringLangID
                0x00000000080033a4        0x4 obj/mUSB.o
                0x00000000080033a4                Virtual_Com_Port_StringLangID
 .rodata.Virtual_Com_Port_ConfigDescriptor
                0x00000000080033a8       0x43 obj/mUSB.o
                0x00000000080033a8                Virtual_Com_Port_ConfigDescriptor
 .rodata.str1.1
                0x00000000080033eb       0x25 obj/mUSB.o
 .rodata.Virtual_Com_Port_StringVendor
                0x0000000008003410       0x26 obj/mUSB.o
                0x0000000008003410                Virtual_Com_Port_StringVendor
 .rodata.Virtual_Com_Port_StringProduct
                0x0000000008003436       0x32 obj/mUSB.o
                0x0000000008003436                Virtual_Com_Port_StringProduct
 .rodata.Virtual_Com_Port_DeviceDescriptor
                0x0000000008003468       0x12 obj/mUSB.o
                0x0000000008003468                Virtual_Com_Port_DeviceDescriptor
 .rodata.str1.1
                0x000000000800347a        0x9 obj/main.o
 *fill*         0x0000000008003483        0x1 00
 .rodata.CPAL_I2C_SCL_GPIO_PINSOURCE
                0x0000000008003484        0x4 lib/obj/libstm32f37x.a(stm32f37x_i2c_cpal_hal.o)
                0x0000000008003484                CPAL_I2C_SCL_GPIO_PINSOURCE
 .rodata.CPAL_I2C_RXDR
                0x0000000008003488        0x8 lib/obj/libstm32f37x.a(stm32f37x_i2c_cpal_hal.o)
                0x0000000008003488                CPAL_I2C_RXDR
 .rodata.I2C_IT_DMATX_SUBPRIO
                0x0000000008003490        0x2 lib/obj/libstm32f37x.a(stm32f37x_i2c_cpal_hal.o)
                0x0000000008003490                I2C_IT_DMATX_SUBPRIO
 *fill*         0x0000000008003492        0x2 00
 .rodata.CPAL_I2C_TXDR
                0x0000000008003494        0x8 lib/obj/libstm32f37x.a(stm32f37x_i2c_cpal_hal.o)
                0x0000000008003494                CPAL_I2C_TXDR
 .rodata.I2C_IT_EVT_SUBPRIO
                0x000000000800349c        0x2 lib/obj/libstm32f37x.a(stm32f37x_i2c_cpal_hal.o)
                0x000000000800349c                I2C_IT_EVT_SUBPRIO
 *fill*         0x000000000800349e        0x2 00
 .rodata.CPAL_I2C_DMA_TX_HT_FLAG
                0x00000000080034a0        0x8 lib/obj/libstm32f37x.a(stm32f37x_i2c_cpal_hal.o)
                0x00000000080034a0                CPAL_I2C_DMA_TX_HT_FLAG
 .rodata.CPAL_I2C_IT_ERR_IRQn
                0x00000000080034a8        0x2 lib/obj/libstm32f37x.a(stm32f37x_i2c_cpal_hal.o)
                0x00000000080034a8                CPAL_I2C_IT_ERR_IRQn
 .rodata.CPAL_I2C_SDA_GPIO_PIN
                0x00000000080034aa        0x4 lib/obj/libstm32f37x.a(stm32f37x_i2c_cpal_hal.o)
                0x00000000080034aa                CPAL_I2C_SDA_GPIO_PIN
 *fill*         0x00000000080034ae        0x2 00
 .rodata.CPAL_I2C_DMA_RX_TC_FLAG
                0x00000000080034b0        0x8 lib/obj/libstm32f37x.a(stm32f37x_i2c_cpal_hal.o)
                0x00000000080034b0                CPAL_I2C_DMA_RX_TC_FLAG
 .rodata.CPAL_I2C_IT_EVT_IRQn
                0x00000000080034b8        0x2 lib/obj/libstm32f37x.a(stm32f37x_i2c_cpal_hal.o)
                0x00000000080034b8                CPAL_I2C_IT_EVT_IRQn
 .rodata.I2C_IT_ERR_PREPRIO
                0x00000000080034ba        0x2 lib/obj/libstm32f37x.a(stm32f37x_i2c_cpal_hal.o)
                0x00000000080034ba                I2C_IT_ERR_PREPRIO
 .rodata.I2C_IT_DMARX_PREPRIO
                0x00000000080034bc        0x2 lib/obj/libstm32f37x.a(stm32f37x_i2c_cpal_hal.o)
                0x00000000080034bc                I2C_IT_DMARX_PREPRIO
 .rodata.CPAL_I2C_SCL_GPIO_PIN
                0x00000000080034be        0x4 lib/obj/libstm32f37x.a(stm32f37x_i2c_cpal_hal.o)
                0x00000000080034be                CPAL_I2C_SCL_GPIO_PIN
 *fill*         0x00000000080034c2        0x2 00
 .rodata.CPAL_I2C_CLK
                0x00000000080034c4        0x8 lib/obj/libstm32f37x.a(stm32f37x_i2c_cpal_hal.o)
                0x00000000080034c4                CPAL_I2C_CLK
 .rodata.CPAL_I2C_AF
                0x00000000080034cc        0x8 lib/obj/libstm32f37x.a(stm32f37x_i2c_cpal_hal.o)
                0x00000000080034cc                CPAL_I2C_AF
 .rodata.CPAL_I2C_DMA_RX_IRQn
                0x00000000080034d4        0x2 lib/obj/libstm32f37x.a(stm32f37x_i2c_cpal_hal.o)
                0x00000000080034d4                CPAL_I2C_DMA_RX_IRQn
 *fill*         0x00000000080034d6        0x2 00
 .rodata.CPAL_I2C_DMA_TX_TE_FLAG
                0x00000000080034d8        0x8 lib/obj/libstm32f37x.a(stm32f37x_i2c_cpal_hal.o)
                0x00000000080034d8                CPAL_I2C_DMA_TX_TE_FLAG
 .rodata.CPAL_I2C_DMA_TX_TC_FLAG
                0x00000000080034e0        0x8 lib/obj/libstm32f37x.a(stm32f37x_i2c_cpal_hal.o)
                0x00000000080034e0                CPAL_I2C_DMA_TX_TC_FLAG
 .rodata.I2C_IT_DMATX_PREPRIO
                0x00000000080034e8        0x2 lib/obj/libstm32f37x.a(stm32f37x_i2c_cpal_hal.o)
                0x00000000080034e8                I2C_IT_DMATX_PREPRIO
 *fill*         0x00000000080034ea        0x2 00
 .rodata.CPAL_I2C_DMA_RX_TE_FLAG
                0x00000000080034ec        0x8 lib/obj/libstm32f37x.a(stm32f37x_i2c_cpal_hal.o)
                0x00000000080034ec                CPAL_I2C_DMA_RX_TE_FLAG
 .rodata.I2C_IT_EVT_PREPRIO
                0x00000000080034f4        0x2 lib/obj/libstm32f37x.a(stm32f37x_i2c_cpal_hal.o)
                0x00000000080034f4                I2C_IT_EVT_PREPRIO
 .rodata.CPAL_I2C_SDA_GPIO_PINSOURCE
                0x00000000080034f6        0x4 lib/obj/libstm32f37x.a(stm32f37x_i2c_cpal_hal.o)
                0x00000000080034f6                CPAL_I2C_SDA_GPIO_PINSOURCE
 .rodata.I2C_IT_ERR_SUBPRIO
                0x00000000080034fa        0x2 lib/obj/libstm32f37x.a(stm32f37x_i2c_cpal_hal.o)
                0x00000000080034fa                I2C_IT_ERR_SUBPRIO
 .rodata.I2C_IT_DMARX_SUBPRIO
                0x00000000080034fc        0x2 lib/obj/libstm32f37x.a(stm32f37x_i2c_cpal_hal.o)
                0x00000000080034fc                I2C_IT_DMARX_SUBPRIO
 *fill*         0x00000000080034fe        0x2 00
 .rodata.CPAL_I2C_SDA_GPIO_CLK
                0x0000000008003500        0x8 lib/obj/libstm32f37x.a(stm32f37x_i2c_cpal_hal.o)
                0x0000000008003500                CPAL_I2C_SDA_GPIO_CLK
 .rodata.CPAL_I2C_DMA_TX_IRQn
                0x0000000008003508        0x2 lib/obj/libstm32f37x.a(stm32f37x_i2c_cpal_hal.o)
                0x0000000008003508                CPAL_I2C_DMA_TX_IRQn
 *fill*         0x000000000800350a        0x2 00
 .rodata.CPAL_I2C_DMA_CLK
                0x000000000800350c        0x8 lib/obj/libstm32f37x.a(stm32f37x_i2c_cpal_hal.o)
                0x000000000800350c                CPAL_I2C_DMA_CLK
 .rodata.CPAL_I2C_DMA_RX_HT_FLAG
                0x0000000008003514        0x8 lib/obj/libstm32f37x.a(stm32f37x_i2c_cpal_hal.o)
                0x0000000008003514                CPAL_I2C_DMA_RX_HT_FLAG
 .rodata.CPAL_I2C_SCL_GPIO_CLK
                0x000000000800351c        0x8 lib/obj/libstm32f37x.a(stm32f37x_i2c_cpal_hal.o)
                0x000000000800351c                CPAL_I2C_SCL_GPIO_CLK
 .rodata.str1.1
                0x0000000008003524        0x2 /usr/local/Cellar/arm-none-eabi-gcc/20130916/bin/../lib/gcc/arm-none-eabi/4.7.4/../../../../arm-none-eabi/lib/armv7e-m/fpu/libc_s.a(lib_a-impure.o)
 .rodata.str1.1
                0x0000000008003526       0x11 /usr/local/Cellar/arm-none-eabi-gcc/20130916/bin/../lib/gcc/arm-none-eabi/4.7.4/../../../../arm-none-eabi/lib/armv7e-m/fpu/libc_s.a(lib_a-svfprintf.o)
 .rodata.str1.1
                0x0000000008003537       0x22 /usr/local/Cellar/arm-none-eabi-gcc/20130916/bin/../lib/gcc/arm-none-eabi/4.7.4/../../../../arm-none-eabi/lib/armv7e-m/fpu/libc_s.a(lib_a-vfprintf_i.o)
 *fill*         0x0000000008003559        0x3 00
 .rodata.__sf_fake_stdin
                0x000000000800355c       0x20 /usr/local/Cellar/arm-none-eabi-gcc/20130916/bin/../lib/gcc/arm-none-eabi/4.7.4/../../../../arm-none-eabi/lib/armv7e-m/fpu/libc_s.a(lib_a-findfp.o)
                0x000000000800355c                __sf_fake_stdin
 .rodata.__sf_fake_stdout
                0x000000000800357c       0x20 /usr/local/Cellar/arm-none-eabi-gcc/20130916/bin/../lib/gcc/arm-none-eabi/4.7.4/../../../../arm-none-eabi/lib/armv7e-m/fpu/libc_s.a(lib_a-findfp.o)
                0x000000000800357c                __sf_fake_stdout
 .rodata.__sf_fake_stderr
                0x000000000800359c       0x20 /usr/local/Cellar/arm-none-eabi-gcc/20130916/bin/../lib/gcc/arm-none-eabi/4.7.4/../../../../arm-none-eabi/lib/armv7e-m/fpu/libc_s.a(lib_a-findfp.o)
                0x000000000800359c                __sf_fake_stderr
 *(.glue_7)
 .glue_7        0x0000000000000000        0x0 linker stubs
 *(.glue_7t)
 .glue_7t       0x0000000000000000        0x0 linker stubs
 *(.init)
 *(.fini)
                0x00000000080035bc                . = ALIGN (0x4)
                0x00000000080035bc                _etext = .

.vfp11_veneer   0x00000000080035bc        0x0
 .vfp11_veneer  0x0000000000000000        0x0 linker stubs

.v4_bx          0x00000000080035bc        0x0
 .v4_bx         0x0000000000000000        0x0 linker stubs

.iplt           0x00000000080035bc        0x0
 .iplt          0x0000000000000000        0x0 obj/mBus.o

.rel.dyn        0x00000000080035bc        0x0
 .rel.iplt      0x0000000000000000        0x0 obj/mBus.o

.ARM.extab
 *(.ARM.extab* .gnu.linkonce.armextab.*)

.ARM            0x00000000080035bc        0x0
                0x00000000080035bc                __exidx_start = .
 *(.ARM.exidx*)
                0x00000000080035bc                __exidx_end = .

.preinit_array  0x00000000080035bc        0x0
                0x00000000080035bc                PROVIDE (__preinit_array_start, .)
 *(.preinit_array*)
                0x00000000080035bc                PROVIDE (__preinit_array_end, .)

.init_array     0x00000000080035bc        0x0
                0x00000000080035bc                PROVIDE (__init_array_start, .)
 *(SORT(.init_array.*))
 *(.init_array*)
                0x00000000080035bc                PROVIDE (__init_array_end, .)

.fini_array     0x00000000080035bc        0x0
                0x00000000080035bc                PROVIDE (__fini_array_start, .)
 *(.fini_array*)
 *(SORT(.fini_array.*))
                0x00000000080035bc                PROVIDE (__fini_array_end, .)
                0x00000000080035bc                _sidata = .

.data           0x0000000020000000      0x1cc load address 0x00000000080035bc
                0x0000000020000000                . = ALIGN (0x4)
                0x0000000020000000                _sdata = .
 *(.data)
 *(.data*)
 .data.Config_Descriptor
                0x0000000020000000        0x8 obj/mUSB.o
                0x0000000020000000                Config_Descriptor
 .data.Virtual_Com_Port_StringSerial
                0x0000000020000008       0x1a obj/mUSB.o
                0x0000000020000008                Virtual_Com_Port_StringSerial
 *fill*         0x0000000020000022        0x2 00
 .data.Device_Property
                0x0000000020000024       0x30 obj/mUSB.o
                0x0000000020000024                Device_Property
 .data.pEpInt_OUT
                0x0000000020000054       0x1c obj/mUSB.o
                0x0000000020000054                pEpInt_OUT
 .data.Device_Descriptor
                0x0000000020000070        0x8 obj/mUSB.o
                0x0000000020000070                Device_Descriptor
 .data.String_Descriptor
                0x0000000020000078       0x20 obj/mUSB.o
                0x0000000020000078                String_Descriptor
 .data.Device_Table
                0x0000000020000098        0x2 obj/mUSB.o
                0x0000000020000098                Device_Table
 *fill*         0x000000002000009a        0x2 00
 .data.packet_sent
                0x000000002000009c        0x4 obj/mUSB.o
                0x000000002000009c                packet_sent
 .data.pEpInt_IN
                0x00000000200000a0       0x1c obj/mUSB.o
                0x00000000200000a0                pEpInt_IN
 .data.linecoding
                0x00000000200000bc        0x8 obj/mUSB.o
                0x00000000200000bc                linecoding
 .data.I2C1_DevStructure
                0x00000000200000c4       0x20 lib/obj/libstm32f37x.a(stm32f37x_i2c_cpal_hal.o)
                0x00000000200000c4                I2C1_DevStructure
 .data.I2C2_DevStructure
                0x00000000200000e4       0x20 lib/obj/libstm32f37x.a(stm32f37x_i2c_cpal_hal.o)
                0x00000000200000e4                I2C2_DevStructure
 .data.CPAL_I2C_SCL_GPIO_PORT
                0x0000000020000104        0x8 lib/obj/libstm32f37x.a(stm32f37x_i2c_cpal_hal.o)
                0x0000000020000104                CPAL_I2C_SCL_GPIO_PORT
 .data.I2C_DevStructures
                0x000000002000010c        0x8 lib/obj/libstm32f37x.a(stm32f37x_i2c_cpal_hal.o)
                0x000000002000010c                I2C_DevStructures
 .data.CPAL_I2C_DMA_TX_Channel
                0x0000000020000114        0x8 lib/obj/libstm32f37x.a(stm32f37x_i2c_cpal_hal.o)
                0x0000000020000114                CPAL_I2C_DMA_TX_Channel
 .data.CPAL_I2C_DEVICE
                0x000000002000011c        0x8 lib/obj/libstm32f37x.a(stm32f37x_i2c_cpal_hal.o)
                0x000000002000011c                CPAL_I2C_DEVICE
 .data.CPAL_I2C_SDA_GPIO_PORT
                0x0000000020000124        0x8 lib/obj/libstm32f37x.a(stm32f37x_i2c_cpal_hal.o)
                0x0000000020000124                CPAL_I2C_SDA_GPIO_PORT
 .data.CPAL_I2C_DMA
                0x000000002000012c        0x8 lib/obj/libstm32f37x.a(stm32f37x_i2c_cpal_hal.o)
                0x000000002000012c                CPAL_I2C_DMA
 .data.CPAL_I2C_DMA_RX_Channel
                0x0000000020000134        0x8 lib/obj/libstm32f37x.a(stm32f37x_i2c_cpal_hal.o)
                0x0000000020000134                CPAL_I2C_DMA_RX_Channel
 .data.ADCPrescTable
                0x000000002000013c        0x4 lib/obj/libstm32f37x.a(stm32f37x_rcc.o)
 .data.SDADCPrescTable
                0x0000000020000140       0x10 lib/obj/libstm32f37x.a(stm32f37x_rcc.o)
 .data.APBAHBPrescTable
                0x0000000020000150       0x10 lib/obj/libstm32f37x.a(stm32f37x_rcc.o)
 .data.SystemCoreClock
                0x0000000020000160        0x4 lib/obj/libstm32f37x.a(system_stm32f37x.o)
                0x0000000020000160                SystemCoreClock
 .data.impure_data
                0x0000000020000164       0x64 /usr/local/Cellar/arm-none-eabi-gcc/20130916/bin/../lib/gcc/arm-none-eabi/4.7.4/../../../../arm-none-eabi/lib/armv7e-m/fpu/libc_s.a(lib_a-impure.o)
 .data._impure_ptr
                0x00000000200001c8        0x4 /usr/local/Cellar/arm-none-eabi-gcc/20130916/bin/../lib/gcc/arm-none-eabi/4.7.4/../../../../arm-none-eabi/lib/armv7e-m/fpu/libc_s.a(lib_a-impure.o)
                0x00000000200001c8                _impure_ptr
                0x00000000200001cc                . = ALIGN (0x4)
                0x00000000200001cc                _edata = .

.igot.plt       0x00000000200001cc        0x0 load address 0x0000000008003788
 .igot.plt      0x0000000000000000        0x0 obj/mBus.o
                0x00000000200001cc                . = ALIGN (0x4)

.bss            0x00000000200001cc      0x1b4 load address 0x0000000008003788
                0x00000000200001cc                _sbss = .
                0x00000000200001cc                __bss_start__ = _sbss
 *(.bss)
 *(.bss*)
 .bss.mBusTx    0x00000000200001cc       0x10 obj/mBus.o
                0x00000000200001cc                mBusTx
 .bss.mBusReadBurstReady
                0x00000000200001dc        0x1 obj/mBus.o
                0x00000000200001dc                mBusReadBurstReady
 .bss.mBusReadBurstStartFlag
                0x00000000200001dd        0x1 obj/mBus.o
                0x00000000200001dd                mBusReadBurstStartFlag
 *fill*         0x00000000200001de        0x2 00
 .bss.mBusRx    0x00000000200001e0       0x10 obj/mBus.o
                0x00000000200001e0                mBusRx
 .bss.Request   0x00000000200001f0        0x1 obj/mUSB.o
                0x00000000200001f0                Request
 *fill*         0x00000000200001f1        0x3 00
 .bss.wCNTR     0x00000000200001f4        0x4 obj/mUSB.o
                0x00000000200001f4                wCNTR
 .bss.heap_end.11044
                0x00000000200001f8        0x4 obj/mUSB.o
 .bss.remotewakeupon
                0x00000000200001fc        0x4 obj/mUSB.o
                0x00000000200001fc                remotewakeupon
 .bss.esof_counter
                0x0000000020000200        0x4 obj/mUSB.o
                0x0000000020000200                esof_counter
 .bss.bIntPackSOF
                0x0000000020000204        0x1 obj/mUSB.o
                0x0000000020000204                bIntPackSOF
 .bss.fSuspendEnabled
                0x0000000020000205        0x1 obj/mUSB.o
                0x0000000020000205                fSuspendEnabled
 *fill*         0x0000000020000206        0x2 00
 .bss.packet_receive
                0x0000000020000208        0x4 obj/mUSB.o
                0x0000000020000208                packet_receive
 .bss.bDeviceState
                0x000000002000020c        0x4 obj/mUSB.o
                0x000000002000020c                bDeviceState
 .bss.Num_Data  0x0000000020000210        0x4 lib/obj/libstm32f37x.a(stm32f37x_i2c_cpal.o)
                0x0000000020000210                Num_Data
 .bss.CR2_tmp   0x0000000020000214        0x4 lib/obj/libstm32f37x.a(stm32f37x_i2c_cpal.o)
                0x0000000020000214                CR2_tmp
 .bss.Data_Mul_MaxPacketSize
                0x0000000020000218        0x1 lib/obj/libstm32f37x.a(usb_core.o)
                0x0000000020000218                Data_Mul_MaxPacketSize
 *fill*         0x0000000020000219        0x3 00
 .bss.__malloc_free_list
                0x000000002000021c        0x4 /usr/local/Cellar/arm-none-eabi-gcc/20130916/bin/../lib/gcc/arm-none-eabi/4.7.4/../../../../arm-none-eabi/lib/armv7e-m/fpu/libc_s.a(lib_a-mallocr.o)
                0x000000002000021c                __malloc_free_list
 *(COMMON)
 COMMON         0x0000000020000220       0x20 obj/mUSART.o
                0x0000000020000220                GPIO_InitStructure
                0x0000000020000228                USART_InitStructure
 COMMON         0x0000000020000240       0xb8 obj/mUSB.o
                0x0000000020000240                HSEStartUpStatus
                0x0000000020000244                Receive_length
                0x0000000020000248                wIstr
                0x000000002000024a                Receive_Buffer
                0x000000002000028a                ResumeS
                0x000000002000028c                EP
                0x00000000200002ac                EXTI_InitStructure
                0x00000000200002b4                Send_Buffer
                0x00000000200002f4                Send_length
 COMMON         0x00000000200002f8       0x1c lib/obj/libstm32f37x.a(stm32f37x_i2c_cpal.o)
                0x00000000200002f8                I2C_InitStructure
 COMMON         0x0000000020000314       0x2c lib/obj/libstm32f37x.a(stm32f37x_i2c_cpal_hal.o)
                0x0000000020000314                CPAL_DMA_InitStructure
 COMMON         0x0000000020000340        0x2 lib/obj/libstm32f37x.a(usb_core.o)
                0x0000000020000340                StatusInfo
 *fill*         0x0000000020000342        0x2 00
 COMMON         0x0000000020000344       0x32 lib/obj/libstm32f37x.a(usb_init.o)
                0x0000000020000344                SaveState
                0x0000000020000348                pProperty
                0x000000002000034c                EPindex
                0x0000000020000350                Device_Info
                0x000000002000036c                pUser_Standard_Requests
                0x0000000020000370                pInformation
                0x0000000020000374                wInterrupt_Mask
 COMMON         0x0000000020000376        0x4 lib/obj/libstm32f37x.a(usb_int.o)
                0x0000000020000376                SaveRState
                0x0000000020000378                SaveTState
 *fill*         0x000000002000037a        0x2 00
 COMMON         0x000000002000037c        0x4 /usr/local/Cellar/arm-none-eabi-gcc/20130916/bin/../lib/gcc/arm-none-eabi/4.7.4/../../../../arm-none-eabi/lib/armv7e-m/fpu/libc_s.a(lib_a-reent.o)
                0x000000002000037c                errno
                0x0000000020000380                . = ALIGN (0x4)
                0x0000000020000380                _ebss = .
                0x0000000020000380                __bss_end__ = _ebss
                0x0000000020000380                PROVIDE (end, _ebss)
                0x0000000020000380                PROVIDE (_end, _ebss)

._user_heap_stack
                0x0000000020000380      0x400 load address 0x000000000800393c
                0x0000000020000380                . = ALIGN (0x4)
                0x0000000020000380                . = (. + _Min_Heap_Size)
                0x0000000020000780                . = (. + _Min_Stack_Size)
 *fill*         0x0000000020000380      0x400 00
                0x0000000020000780                . = ALIGN (0x4)

.ARM.attributes
                0x0000000000000000       0x39
 *(.ARM.attributes)
 .ARM.attributes
                0x0000000000000000       0x3b obj/mBus.o
 .ARM.attributes
                0x000000000000003b       0x3b obj/mGeneral.o
 .ARM.attributes
                0x0000000000000076       0x3b obj/mUSART.o
 .ARM.attributes
                0x00000000000000b1       0x3b obj/mUSB.o
 .ARM.attributes
                0x00000000000000ec       0x3b obj/main.o
 .ARM.attributes
                0x0000000000000127       0x3b obj/stm32f37x_it.o
 .ARM.attributes
                0x0000000000000162       0x27 obj/startup_stm32f37x.o
 .ARM.attributes
                0x0000000000000189       0x3b lib/obj/libstm32f37x.a(stm32f37x_i2c_cpal.o)
 .ARM.attributes
                0x00000000000001c4       0x3b lib/obj/libstm32f37x.a(stm32f37x_i2c_cpal_hal.o)
 .ARM.attributes
                0x00000000000001ff       0x3b lib/obj/libstm32f37x.a(stm32f37x_dma.o)
 .ARM.attributes
                0x000000000000023a       0x3b lib/obj/libstm32f37x.a(stm32f37x_exti.o)
 .ARM.attributes
                0x0000000000000275       0x3b lib/obj/libstm32f37x.a(stm32f37x_gpio.o)
 .ARM.attributes
                0x00000000000002b0       0x3b lib/obj/libstm32f37x.a(stm32f37x_i2c.o)
 .ARM.attributes
                0x00000000000002eb       0x3b lib/obj/libstm32f37x.a(stm32f37x_misc.o)
 .ARM.attributes
                0x0000000000000326       0x3b lib/obj/libstm32f37x.a(stm32f37x_rcc.o)
 .ARM.attributes
                0x0000000000000361       0x3b lib/obj/libstm32f37x.a(stm32f37x_usart.o)
 .ARM.attributes
                0x000000000000039c       0x3b lib/obj/libstm32f37x.a(system_stm32f37x.o)
 .ARM.attributes
                0x00000000000003d7       0x3b lib/obj/libstm32f37x.a(usb_core.o)
 .ARM.attributes
                0x0000000000000412       0x3b lib/obj/libstm32f37x.a(usb_init.o)
 .ARM.attributes
                0x000000000000044d       0x3b lib/obj/libstm32f37x.a(usb_int.o)
 .ARM.attributes
                0x0000000000000488       0x3b lib/obj/libstm32f37x.a(usb_mem.o)
 .ARM.attributes
                0x00000000000004c3       0x3b lib/obj/libstm32f37x.a(usb_regs.o)
 .ARM.attributes
                0x00000000000004fe       0x3b lib/obj/libstm32f37x.a(usb_sil.o)
 .ARM.attributes
                0x0000000000000539       0x36 /usr/local/Cellar/arm-none-eabi-gcc/20130916/bin/../lib/gcc/arm-none-eabi/4.7.4/../../../../arm-none-eabi/lib/armv7e-m/fpu/libc_s.a(lib_a-impure.o)
 .ARM.attributes
                0x000000000000056f       0x36 /usr/local/Cellar/arm-none-eabi-gcc/20130916/bin/../lib/gcc/arm-none-eabi/4.7.4/../../../../arm-none-eabi/lib/armv7e-m/fpu/libc_s.a(lib_a-memcpy.o)
 .ARM.attributes
                0x00000000000005a5       0x36 /usr/local/Cellar/arm-none-eabi-gcc/20130916/bin/../lib/gcc/arm-none-eabi/4.7.4/../../../../arm-none-eabi/lib/armv7e-m/fpu/libc_s.a(lib_a-memset.o)
 .ARM.attributes
                0x00000000000005db       0x36 /usr/local/Cellar/arm-none-eabi-gcc/20130916/bin/../lib/gcc/arm-none-eabi/4.7.4/../../../../arm-none-eabi/lib/armv7e-m/fpu/libc_s.a(lib_a-snprintf.o)
 .ARM.attributes
                0x0000000000000611       0x36 /usr/local/Cellar/arm-none-eabi-gcc/20130916/bin/../lib/gcc/arm-none-eabi/4.7.4/../../../../arm-none-eabi/lib/armv7e-m/fpu/libc_s.a(lib_a-svfprintf.o)
 .ARM.attributes
                0x0000000000000647       0x36 /usr/local/Cellar/arm-none-eabi-gcc/20130916/bin/../lib/gcc/arm-none-eabi/4.7.4/../../../../arm-none-eabi/lib/armv7e-m/fpu/libc_s.a(lib_a-vfprintf_i.o)
 .ARM.attributes
                0x000000000000067d       0x36 /usr/local/Cellar/arm-none-eabi-gcc/20130916/bin/../lib/gcc/arm-none-eabi/4.7.4/../../../../arm-none-eabi/lib/armv7e-m/fpu/libc_s.a(lib_a-findfp.o)
 .ARM.attributes
                0x00000000000006b3       0x36 /usr/local/Cellar/arm-none-eabi-gcc/20130916/bin/../lib/gcc/arm-none-eabi/4.7.4/../../../../arm-none-eabi/lib/armv7e-m/fpu/libc_s.a(lib_a-freer.o)
 .ARM.attributes
                0x00000000000006e9       0x36 /usr/local/Cellar/arm-none-eabi-gcc/20130916/bin/../lib/gcc/arm-none-eabi/4.7.4/../../../../arm-none-eabi/lib/armv7e-m/fpu/libc_s.a(lib_a-mallocr.o)
 .ARM.attributes
                0x000000000000071f       0x36 /usr/local/Cellar/arm-none-eabi-gcc/20130916/bin/../lib/gcc/arm-none-eabi/4.7.4/../../../../arm-none-eabi/lib/armv7e-m/fpu/libc_s.a(lib_a-memchr.o)
 .ARM.attributes
                0x0000000000000755       0x36 /usr/local/Cellar/arm-none-eabi-gcc/20130916/bin/../lib/gcc/arm-none-eabi/4.7.4/../../../../arm-none-eabi/lib/armv7e-m/fpu/libc_s.a(lib_a-reallocr.o)
 .ARM.attributes
                0x000000000000078b       0x36 /usr/local/Cellar/arm-none-eabi-gcc/20130916/bin/../lib/gcc/arm-none-eabi/4.7.4/../../../../arm-none-eabi/lib/armv7e-m/fpu/libc_s.a(lib_a-sbrkr.o)
 .ARM.attributes
                0x00000000000007c1       0x36 /usr/local/Cellar/arm-none-eabi-gcc/20130916/bin/../lib/gcc/arm-none-eabi/4.7.4/../../../../arm-none-eabi/lib/armv7e-m/fpu/libc_s.a(lib_a-strlen.o)
 .ARM.attributes
                0x00000000000007f7       0x36 /usr/local/Cellar/arm-none-eabi-gcc/20130916/bin/../lib/gcc/arm-none-eabi/4.7.4/../../../../arm-none-eabi/lib/armv7e-m/fpu/libc_s.a(lib_a-msizer.o)
 .ARM.attributes
                0x000000000000082d       0x36 /usr/local/Cellar/arm-none-eabi-gcc/20130916/bin/../lib/gcc/arm-none-eabi/4.7.4/../../../../arm-none-eabi/lib/armv7e-m/fpu/libc_s.a(lib_a-reent.o)
OUTPUT(obj/main.elf elf32-littlearm)

.debug_info     0x0000000000000000     0xe286
 .debug_info    0x0000000000000000      0xc0f obj/mBus.o
 .debug_info    0x0000000000000c0f      0x496 obj/mGeneral.o
 .debug_info    0x00000000000010a5      0xb64 obj/mUSART.o
 .debug_info    0x0000000000001c09     0x2c74 obj/mUSB.o
 .debug_info    0x000000000000487d      0x629 obj/main.o
 .debug_info    0x0000000000004ea6      0x13d obj/stm32f37x_it.o
 .debug_info    0x0000000000004fe3     0x12a0 lib/obj/libstm32f37x.a(stm32f37x_i2c_cpal.o)
 .debug_info    0x0000000000006283     0x159a lib/obj/libstm32f37x.a(stm32f37x_i2c_cpal_hal.o)
 .debug_info    0x000000000000781d      0x4ae lib/obj/libstm32f37x.a(stm32f37x_dma.o)
 .debug_info    0x0000000000007ccb      0x377 lib/obj/libstm32f37x.a(stm32f37x_exti.o)
 .debug_info    0x0000000000008042      0x706 lib/obj/libstm32f37x.a(stm32f37x_gpio.o)
 .debug_info    0x0000000000008748      0xcf4 lib/obj/libstm32f37x.a(stm32f37x_i2c.o)
 .debug_info    0x000000000000943c      0x598 lib/obj/libstm32f37x.a(stm32f37x_misc.o)
 .debug_info    0x00000000000099d4      0xb43 lib/obj/libstm32f37x.a(stm32f37x_rcc.o)
 .debug_info    0x000000000000a517     0x1070 lib/obj/libstm32f37x.a(stm32f37x_usart.o)
 .debug_info    0x000000000000b587      0x4fb lib/obj/libstm32f37x.a(system_stm32f37x.o)
 .debug_info    0x000000000000ba82      0xf2f lib/obj/libstm32f37x.a(usb_core.o)
 .debug_info    0x000000000000c9b1      0x499 lib/obj/libstm32f37x.a(usb_init.o)
 .debug_info    0x000000000000ce4a      0x1ff lib/obj/libstm32f37x.a(usb_int.o)
 .debug_info    0x000000000000d049      0x1c4 lib/obj/libstm32f37x.a(usb_mem.o)
 .debug_info    0x000000000000d20d      0xde0 lib/obj/libstm32f37x.a(usb_regs.o)
 .debug_info    0x000000000000dfed      0x299 lib/obj/libstm32f37x.a(usb_sil.o)

.debug_abbrev   0x0000000000000000     0x2b65
 .debug_abbrev  0x0000000000000000      0x2a9 obj/mBus.o
 .debug_abbrev  0x00000000000002a9      0x15b obj/mGeneral.o
 .debug_abbrev  0x0000000000000404      0x207 obj/mUSART.o
 .debug_abbrev  0x000000000000060b      0x5cd obj/mUSB.o
 .debug_abbrev  0x0000000000000bd8      0x163 obj/main.o
 .debug_abbrev  0x0000000000000d3b       0x69 obj/stm32f37x_it.o
 .debug_abbrev  0x0000000000000da4      0x2d7 lib/obj/libstm32f37x.a(stm32f37x_i2c_cpal.o)
 .debug_abbrev  0x000000000000107b      0x26c lib/obj/libstm32f37x.a(stm32f37x_i2c_cpal_hal.o)
 .debug_abbrev  0x00000000000012e7      0x191 lib/obj/libstm32f37x.a(stm32f37x_dma.o)
 .debug_abbrev  0x0000000000001478      0x1e1 lib/obj/libstm32f37x.a(stm32f37x_exti.o)
 .debug_abbrev  0x0000000000001659      0x20f lib/obj/libstm32f37x.a(stm32f37x_gpio.o)
 .debug_abbrev  0x0000000000001868      0x215 lib/obj/libstm32f37x.a(stm32f37x_i2c.o)
 .debug_abbrev  0x0000000000001a7d      0x154 lib/obj/libstm32f37x.a(stm32f37x_misc.o)
 .debug_abbrev  0x0000000000001bd1      0x234 lib/obj/libstm32f37x.a(stm32f37x_rcc.o)
 .debug_abbrev  0x0000000000001e05      0x218 lib/obj/libstm32f37x.a(stm32f37x_usart.o)
 .debug_abbrev  0x000000000000201d      0x161 lib/obj/libstm32f37x.a(system_stm32f37x.o)
 .debug_abbrev  0x000000000000217e      0x3eb lib/obj/libstm32f37x.a(usb_core.o)
 .debug_abbrev  0x0000000000002569      0x122 lib/obj/libstm32f37x.a(usb_init.o)
 .debug_abbrev  0x000000000000268b       0xe7 lib/obj/libstm32f37x.a(usb_int.o)
 .debug_abbrev  0x0000000000002772       0xb0 lib/obj/libstm32f37x.a(usb_mem.o)
 .debug_abbrev  0x0000000000002822      0x20d lib/obj/libstm32f37x.a(usb_regs.o)
 .debug_abbrev  0x0000000000002a2f      0x136 lib/obj/libstm32f37x.a(usb_sil.o)

.debug_loc      0x0000000000000000     0x6582
 .debug_loc     0x0000000000000000      0x6e6 obj/mBus.o
 .debug_loc     0x00000000000006e6       0x20 obj/mGeneral.o
 .debug_loc     0x0000000000000706      0x415 obj/mUSART.o
 .debug_loc     0x0000000000000b1b      0xb4a obj/mUSB.o
 .debug_loc     0x0000000000001665       0x34 obj/main.o
 .debug_loc     0x0000000000001699      0x4d3 lib/obj/libstm32f37x.a(stm32f37x_i2c_cpal.o)
 .debug_loc     0x0000000000001b6c      0x471 lib/obj/libstm32f37x.a(stm32f37x_i2c_cpal_hal.o)
 .debug_loc     0x0000000000001fdd      0x275 lib/obj/libstm32f37x.a(stm32f37x_dma.o)
 .debug_loc     0x0000000000002252      0x24c lib/obj/libstm32f37x.a(stm32f37x_exti.o)
 .debug_loc     0x000000000000249e      0x3a6 lib/obj/libstm32f37x.a(stm32f37x_gpio.o)
 .debug_loc     0x0000000000002844      0xab7 lib/obj/libstm32f37x.a(stm32f37x_i2c.o)
 .debug_loc     0x00000000000032fb      0x1ca lib/obj/libstm32f37x.a(stm32f37x_misc.o)
 .debug_loc     0x00000000000034c5      0x8b6 lib/obj/libstm32f37x.a(stm32f37x_rcc.o)
 .debug_loc     0x0000000000003d7b      0xcc5 lib/obj/libstm32f37x.a(stm32f37x_usart.o)
 .debug_loc     0x0000000000004a40      0x12d lib/obj/libstm32f37x.a(system_stm32f37x.o)
 .debug_loc     0x0000000000004b6d      0x9a1 lib/obj/libstm32f37x.a(usb_core.o)
 .debug_loc     0x000000000000550e       0x20 lib/obj/libstm32f37x.a(usb_init.o)
 .debug_loc     0x000000000000552e      0x120 lib/obj/libstm32f37x.a(usb_int.o)
 .debug_loc     0x000000000000564e      0x191 lib/obj/libstm32f37x.a(usb_mem.o)
 .debug_loc     0x00000000000057df      0xc83 lib/obj/libstm32f37x.a(usb_regs.o)
 .debug_loc     0x0000000000006462      0x120 lib/obj/libstm32f37x.a(usb_sil.o)

.debug_aranges  0x0000000000000000      0xd40
 .debug_aranges
                0x0000000000000000       0xa0 obj/mBus.o
 .debug_aranges
                0x00000000000000a0       0x20 obj/mGeneral.o
 .debug_aranges
                0x00000000000000c0       0x58 obj/mUSART.o
 .debug_aranges
                0x0000000000000118      0x150 obj/mUSB.o
 .debug_aranges
                0x0000000000000268       0x20 obj/main.o
 .debug_aranges
                0x0000000000000288       0x58 obj/stm32f37x_it.o
 .debug_aranges
                0x00000000000002e0       0x80 lib/obj/libstm32f37x.a(stm32f37x_i2c_cpal.o)
 .debug_aranges
                0x0000000000000360       0xb0 lib/obj/libstm32f37x.a(stm32f37x_i2c_cpal_hal.o)
 .debug_aranges
                0x0000000000000410       0x70 lib/obj/libstm32f37x.a(stm32f37x_dma.o)
 .debug_aranges
                0x0000000000000480       0x58 lib/obj/libstm32f37x.a(stm32f37x_exti.o)
 .debug_aranges
                0x00000000000004d8       0x80 lib/obj/libstm32f37x.a(stm32f37x_gpio.o)
 .debug_aranges
                0x0000000000000558      0x168 lib/obj/libstm32f37x.a(stm32f37x_i2c.o)
 .debug_aranges
                0x00000000000006c0       0x40 lib/obj/libstm32f37x.a(stm32f37x_misc.o)
 .debug_aranges
                0x0000000000000700      0x150 lib/obj/libstm32f37x.a(stm32f37x_rcc.o)
 .debug_aranges
                0x0000000000000850      0x1a0 lib/obj/libstm32f37x.a(stm32f37x_usart.o)
 .debug_aranges
                0x00000000000009f0       0x28 lib/obj/libstm32f37x.a(system_stm32f37x.o)
 .debug_aranges
                0x0000000000000a18       0x98 lib/obj/libstm32f37x.a(usb_core.o)
 .debug_aranges
                0x0000000000000ab0       0x20 lib/obj/libstm32f37x.a(usb_init.o)
 .debug_aranges
                0x0000000000000ad0       0x28 lib/obj/libstm32f37x.a(usb_int.o)
 .debug_aranges
                0x0000000000000af8       0x28 lib/obj/libstm32f37x.a(usb_mem.o)
 .debug_aranges
                0x0000000000000b20      0x1f0 lib/obj/libstm32f37x.a(usb_regs.o)
 .debug_aranges
                0x0000000000000d10       0x30 lib/obj/libstm32f37x.a(usb_sil.o)

.debug_ranges   0x0000000000000000      0xd60
 .debug_ranges  0x0000000000000000       0x90 obj/mBus.o
 .debug_ranges  0x0000000000000090       0x10 obj/mGeneral.o
 .debug_ranges  0x00000000000000a0       0x48 obj/mUSART.o
 .debug_ranges  0x00000000000000e8      0x170 obj/mUSB.o
 .debug_ranges  0x0000000000000258       0x10 obj/main.o
 .debug_ranges  0x0000000000000268       0x48 obj/stm32f37x_it.o
 .debug_ranges  0x00000000000002b0       0x70 lib/obj/libstm32f37x.a(stm32f37x_i2c_cpal.o)
 .debug_ranges  0x0000000000000320       0xa0 lib/obj/libstm32f37x.a(stm32f37x_i2c_cpal_hal.o)
 .debug_ranges  0x00000000000003c0       0x60 lib/obj/libstm32f37x.a(stm32f37x_dma.o)
 .debug_ranges  0x0000000000000420       0x48 lib/obj/libstm32f37x.a(stm32f37x_exti.o)
 .debug_ranges  0x0000000000000468       0x70 lib/obj/libstm32f37x.a(stm32f37x_gpio.o)
 .debug_ranges  0x00000000000004d8      0x158 lib/obj/libstm32f37x.a(stm32f37x_i2c.o)
 .debug_ranges  0x0000000000000630       0x30 lib/obj/libstm32f37x.a(stm32f37x_misc.o)
 .debug_ranges  0x0000000000000660      0x140 lib/obj/libstm32f37x.a(stm32f37x_rcc.o)
 .debug_ranges  0x00000000000007a0      0x190 lib/obj/libstm32f37x.a(stm32f37x_usart.o)
 .debug_ranges  0x0000000000000930       0x48 lib/obj/libstm32f37x.a(system_stm32f37x.o)
 .debug_ranges  0x0000000000000978      0x160 lib/obj/libstm32f37x.a(usb_core.o)
 .debug_ranges  0x0000000000000ad8       0x10 lib/obj/libstm32f37x.a(usb_init.o)
 .debug_ranges  0x0000000000000ae8       0x18 lib/obj/libstm32f37x.a(usb_int.o)
 .debug_ranges  0x0000000000000b00       0x18 lib/obj/libstm32f37x.a(usb_mem.o)
 .debug_ranges  0x0000000000000b18      0x228 lib/obj/libstm32f37x.a(usb_regs.o)
 .debug_ranges  0x0000000000000d40       0x20 lib/obj/libstm32f37x.a(usb_sil.o)

.debug_line     0x0000000000000000     0x3f36
 .debug_line    0x0000000000000000      0x3ef obj/mBus.o
 .debug_line    0x00000000000003ef      0x149 obj/mGeneral.o
 .debug_line    0x0000000000000538      0x27c obj/mUSART.o
 .debug_line    0x00000000000007b4      0x847 obj/mUSB.o
 .debug_line    0x0000000000000ffb      0x119 obj/main.o
 .debug_line    0x0000000000001114      0x145 obj/stm32f37x_it.o
 .debug_line    0x0000000000001259      0x526 lib/obj/libstm32f37x.a(stm32f37x_i2c_cpal.o)
 .debug_line    0x000000000000177f      0x3a1 lib/obj/libstm32f37x.a(stm32f37x_i2c_cpal_hal.o)
 .debug_line    0x0000000000001b20      0x1f0 lib/obj/libstm32f37x.a(stm32f37x_dma.o)
 .debug_line    0x0000000000001d10      0x194 lib/obj/libstm32f37x.a(stm32f37x_exti.o)
 .debug_line    0x0000000000001ea4      0x21e lib/obj/libstm32f37x.a(stm32f37x_gpio.o)
 .debug_line    0x00000000000020c2      0x469 lib/obj/libstm32f37x.a(stm32f37x_i2c.o)
 .debug_line    0x000000000000252b      0x14b lib/obj/libstm32f37x.a(stm32f37x_misc.o)
 .debug_line    0x0000000000002676      0x423 lib/obj/libstm32f37x.a(stm32f37x_rcc.o)
 .debug_line    0x0000000000002a99      0x52f lib/obj/libstm32f37x.a(stm32f37x_usart.o)
 .debug_line    0x0000000000002fc8      0x131 lib/obj/libstm32f37x.a(system_stm32f37x.o)
 .debug_line    0x00000000000030f9      0x40c lib/obj/libstm32f37x.a(usb_core.o)
 .debug_line    0x0000000000003505       0xdd lib/obj/libstm32f37x.a(usb_init.o)
 .debug_line    0x00000000000035e2      0x15f lib/obj/libstm32f37x.a(usb_int.o)
 .debug_line    0x0000000000003741      0x100 lib/obj/libstm32f37x.a(usb_mem.o)
 .debug_line    0x0000000000003841      0x5d8 lib/obj/libstm32f37x.a(usb_regs.o)
 .debug_line    0x0000000000003e19      0x11d lib/obj/libstm32f37x.a(usb_sil.o)

.debug_str      0x0000000000000000     0x4425
 .debug_str     0x0000000000000000      0x6f6 obj/mBus.o
                                        0x752 (size before relaxing)
 .debug_str     0x00000000000006f6      0x1b5 obj/mGeneral.o
                                        0x361 (size before relaxing)
 .debug_str     0x00000000000008ab      0x267 obj/mUSART.o
                                        0x587 (size before relaxing)
 .debug_str     0x0000000000000b12     0x157f obj/mUSB.o
                                       0x1a96 (size before relaxing)
 .debug_str     0x0000000000002091       0x38 obj/main.o
                                        0x2aa (size before relaxing)
 .debug_str     0x00000000000020c9       0x93 obj/stm32f37x_it.o
                                        0x1af (size before relaxing)
 .debug_str     0x000000000000215c      0x46f lib/obj/libstm32f37x.a(stm32f37x_i2c_cpal.o)
                                        0xe04 (size before relaxing)
 .debug_str     0x00000000000025cb      0x40a lib/obj/libstm32f37x.a(stm32f37x_i2c_cpal_hal.o)
                                       0x11f7 (size before relaxing)
 .debug_str     0x00000000000029d5       0xfa lib/obj/libstm32f37x.a(stm32f37x_dma.o)
                                        0x377 (size before relaxing)
 .debug_str     0x0000000000002acf       0xba lib/obj/libstm32f37x.a(stm32f37x_exti.o)
                                        0x314 (size before relaxing)
 .debug_str     0x0000000000002b89      0x122 lib/obj/libstm32f37x.a(stm32f37x_gpio.o)
                                        0x475 (size before relaxing)
 .debug_str     0x0000000000002cab      0x379 lib/obj/libstm32f37x.a(stm32f37x_i2c.o)
                                        0x614 (size before relaxing)
 .debug_str     0x0000000000003024       0xb4 lib/obj/libstm32f37x.a(stm32f37x_misc.o)
                                        0x389 (size before relaxing)
 .debug_str     0x00000000000030d8      0x4e8 lib/obj/libstm32f37x.a(stm32f37x_rcc.o)
                                        0x75c (size before relaxing)
 .debug_str     0x00000000000035c0      0x5f3 lib/obj/libstm32f37x.a(stm32f37x_usart.o)
                                        0x9b4 (size before relaxing)
 .debug_str     0x0000000000003bb3       0x60 lib/obj/libstm32f37x.a(system_stm32f37x.o)
                                        0x2b8 (size before relaxing)
 .debug_str     0x0000000000003c13      0x42f lib/obj/libstm32f37x.a(usb_core.o)
                                        0xa9b (size before relaxing)
 .debug_str     0x0000000000004042       0x25 lib/obj/libstm32f37x.a(usb_init.o)
                                        0x4ef (size before relaxing)
 .debug_str     0x0000000000004067       0x20 lib/obj/libstm32f37x.a(usb_int.o)
                                        0x1cb (size before relaxing)
 .debug_str     0x0000000000004087       0x42 lib/obj/libstm32f37x.a(usb_mem.o)
                                        0x1a4 (size before relaxing)
 .debug_str     0x00000000000040c9      0x301 lib/obj/libstm32f37x.a(usb_regs.o)
                                        0x52c (size before relaxing)
 .debug_str     0x00000000000043ca       0x5b lib/obj/libstm32f37x.a(usb_sil.o)
                                        0x20c (size before relaxing)

.comment        0x0000000000000000       0x70
 .comment       0x0000000000000000       0x70 obj/mBus.o
                                         0x71 (size before relaxing)
 .comment       0x0000000000000000       0x71 obj/mGeneral.o
 .comment       0x0000000000000000       0x71 obj/mUSART.o
 .comment       0x0000000000000000       0x71 obj/mUSB.o
 .comment       0x0000000000000000       0x71 obj/main.o
 .comment       0x0000000000000000       0x71 obj/stm32f37x_it.o
 .comment       0x0000000000000000       0x71 lib/obj/libstm32f37x.a(stm32f37x_i2c_cpal.o)
 .comment       0x0000000000000000       0x71 lib/obj/libstm32f37x.a(stm32f37x_i2c_cpal_hal.o)
 .comment       0x0000000000000000       0x71 lib/obj/libstm32f37x.a(stm32f37x_dma.o)
 .comment       0x0000000000000000       0x71 lib/obj/libstm32f37x.a(stm32f37x_exti.o)
 .comment       0x0000000000000000       0x71 lib/obj/libstm32f37x.a(stm32f37x_gpio.o)
 .comment       0x0000000000000000       0x71 lib/obj/libstm32f37x.a(stm32f37x_i2c.o)
 .comment       0x0000000000000000       0x71 lib/obj/libstm32f37x.a(stm32f37x_misc.o)
 .comment       0x0000000000000000       0x71 lib/obj/libstm32f37x.a(stm32f37x_rcc.o)
 .comment       0x0000000000000000       0x71 lib/obj/libstm32f37x.a(stm32f37x_usart.o)
 .comment       0x0000000000000000       0x71 lib/obj/libstm32f37x.a(system_stm32f37x.o)
 .comment       0x0000000000000000       0x71 lib/obj/libstm32f37x.a(usb_core.o)
 .comment       0x0000000000000000       0x71 lib/obj/libstm32f37x.a(usb_init.o)
 .comment       0x0000000000000000       0x71 lib/obj/libstm32f37x.a(usb_int.o)
 .comment       0x0000000000000000       0x71 lib/obj/libstm32f37x.a(usb_mem.o)
 .comment       0x0000000000000000       0x71 lib/obj/libstm32f37x.a(usb_regs.o)
 .comment       0x0000000000000000       0x71 lib/obj/libstm32f37x.a(usb_sil.o)

.debug_frame    0x0000000000000000     0x2054
 .debug_frame   0x0000000000000000      0x1a0 obj/mBus.o
 .debug_frame   0x00000000000001a0       0x38 obj/mGeneral.o
 .debug_frame   0x00000000000001d8      0x10c obj/mUSART.o
 .debug_frame   0x00000000000002e4      0x338 obj/mUSB.o
 .debug_frame   0x000000000000061c       0x30 obj/main.o
 .debug_frame   0x000000000000064c       0x90 obj/stm32f37x_it.o
 .debug_frame   0x00000000000006dc      0x14c lib/obj/libstm32f37x.a(stm32f37x_i2c_cpal.o)
 .debug_frame   0x0000000000000828      0x1d4 lib/obj/libstm32f37x.a(stm32f37x_i2c_cpal_hal.o)
 .debug_frame   0x00000000000009fc       0xcc lib/obj/libstm32f37x.a(stm32f37x_dma.o)
 .debug_frame   0x0000000000000ac8       0x98 lib/obj/libstm32f37x.a(stm32f37x_exti.o)
 .debug_frame   0x0000000000000b60      0x104 lib/obj/libstm32f37x.a(stm32f37x_gpio.o)
 .debug_frame   0x0000000000000c64      0x2c8 lib/obj/libstm32f37x.a(stm32f37x_i2c.o)
 .debug_frame   0x0000000000000f2c       0x68 lib/obj/libstm32f37x.a(stm32f37x_misc.o)
 .debug_frame   0x0000000000000f94      0x298 lib/obj/libstm32f37x.a(stm32f37x_rcc.o)
 .debug_frame   0x000000000000122c      0x34c lib/obj/libstm32f37x.a(stm32f37x_usart.o)
 .debug_frame   0x0000000000001578       0x34 lib/obj/libstm32f37x.a(system_stm32f37x.o)
 .debug_frame   0x00000000000015ac      0x19c lib/obj/libstm32f37x.a(usb_core.o)
 .debug_frame   0x0000000000001748       0x28 lib/obj/libstm32f37x.a(usb_init.o)
 .debug_frame   0x0000000000001770       0x48 lib/obj/libstm32f37x.a(usb_int.o)
 .debug_frame   0x00000000000017b8       0x44 lib/obj/libstm32f37x.a(usb_mem.o)
 .debug_frame   0x00000000000017fc      0x3d0 lib/obj/libstm32f37x.a(usb_regs.o)
 .debug_frame   0x0000000000001bcc       0x58 lib/obj/libstm32f37x.a(usb_sil.o)
 .debug_frame   0x0000000000001c24       0x28 /usr/local/Cellar/arm-none-eabi-gcc/20130916/bin/../lib/gcc/arm-none-eabi/4.7.4/../../../../arm-none-eabi/lib/armv7e-m/fpu/libc_s.a(lib_a-memcpy.o)
 .debug_frame   0x0000000000001c4c       0x20 /usr/local/Cellar/arm-none-eabi-gcc/20130916/bin/../lib/gcc/arm-none-eabi/4.7.4/../../../../arm-none-eabi/lib/armv7e-m/fpu/libc_s.a(lib_a-memset.o)
 .debug_frame   0x0000000000001c6c       0x58 /usr/local/Cellar/arm-none-eabi-gcc/20130916/bin/../lib/gcc/arm-none-eabi/4.7.4/../../../../arm-none-eabi/lib/armv7e-m/fpu/libc_s.a(lib_a-snprintf.o)
 .debug_frame   0x0000000000001cc4       0x88 /usr/local/Cellar/arm-none-eabi-gcc/20130916/bin/../lib/gcc/arm-none-eabi/4.7.4/../../../../arm-none-eabi/lib/armv7e-m/fpu/libc_s.a(lib_a-svfprintf.o)
 .debug_frame   0x0000000000001d4c       0x58 /usr/local/Cellar/arm-none-eabi-gcc/20130916/bin/../lib/gcc/arm-none-eabi/4.7.4/../../../../arm-none-eabi/lib/armv7e-m/fpu/libc_s.a(lib_a-vfprintf_i.o)
 .debug_frame   0x0000000000001da4      0x130 /usr/local/Cellar/arm-none-eabi-gcc/20130916/bin/../lib/gcc/arm-none-eabi/4.7.4/../../../../arm-none-eabi/lib/armv7e-m/fpu/libc_s.a(lib_a-findfp.o)
 .debug_frame   0x0000000000001ed4       0x2c /usr/local/Cellar/arm-none-eabi-gcc/20130916/bin/../lib/gcc/arm-none-eabi/4.7.4/../../../../arm-none-eabi/lib/armv7e-m/fpu/libc_s.a(lib_a-freer.o)
 .debug_frame   0x0000000000001f00       0x2c /usr/local/Cellar/arm-none-eabi-gcc/20130916/bin/../lib/gcc/arm-none-eabi/4.7.4/../../../../arm-none-eabi/lib/armv7e-m/fpu/libc_s.a(lib_a-mallocr.o)
 .debug_frame   0x0000000000001f2c       0x28 /usr/local/Cellar/arm-none-eabi-gcc/20130916/bin/../lib/gcc/arm-none-eabi/4.7.4/../../../../arm-none-eabi/lib/armv7e-m/fpu/libc_s.a(lib_a-memchr.o)
 .debug_frame   0x0000000000001f54       0x30 /usr/local/Cellar/arm-none-eabi-gcc/20130916/bin/../lib/gcc/arm-none-eabi/4.7.4/../../../../arm-none-eabi/lib/armv7e-m/fpu/libc_s.a(lib_a-reallocr.o)
 .debug_frame   0x0000000000001f84       0x2c /usr/local/Cellar/arm-none-eabi-gcc/20130916/bin/../lib/gcc/arm-none-eabi/4.7.4/../../../../arm-none-eabi/lib/armv7e-m/fpu/libc_s.a(lib_a-sbrkr.o)
 .debug_frame   0x0000000000001fb0       0x20 /usr/local/Cellar/arm-none-eabi-gcc/20130916/bin/../lib/gcc/arm-none-eabi/4.7.4/../../../../arm-none-eabi/lib/armv7e-m/fpu/libc_s.a(lib_a-strlen.o)
 .debug_frame   0x0000000000001fd0       0x20 /usr/local/Cellar/arm-none-eabi-gcc/20130916/bin/../lib/gcc/arm-none-eabi/4.7.4/../../../../arm-none-eabi/lib/armv7e-m/fpu/libc_s.a(lib_a-msizer.o)
 .debug_frame   0x0000000000001ff0       0x64 /usr/local/Cellar/arm-none-eabi-gcc/20130916/bin/../lib/gcc/arm-none-eabi/4.7.4/../../../../arm-none-eabi/lib/armv7e-m/fpu/libc_s.a(lib_a-reent.o)
