Archive member included because of file (symbol)

lib/obj/libstm32f37x.a(stm32f37x_i2c_cpal.o)
                              obj/mBus.o (CPAL_I2C_Init)
lib/obj/libstm32f37x.a(stm32f37x_i2c_cpal_hal.o)
                              lib/obj/libstm32f37x.a(stm32f37x_i2c_cpal.o) (CPAL_I2C_HAL_CLKInit)
lib/obj/libstm32f37x.a(stm32f37x_dma.o)
                              lib/obj/libstm32f37x.a(stm32f37x_i2c_cpal_hal.o) (DMA_DeInit)
lib/obj/libstm32f37x.a(stm32f37x_exti.o)
                              obj/mUSB.o (EXTI_Init)
lib/obj/libstm32f37x.a(stm32f37x_gpio.o)
                              obj/My_Usart.o (GPIO_Init)
lib/obj/libstm32f37x.a(stm32f37x_i2c.o)
                              lib/obj/libstm32f37x.a(stm32f37x_i2c_cpal.o) (I2C_Init)
lib/obj/libstm32f37x.a(stm32f37x_misc.o)
                              obj/mUSB.o (NVIC_PriorityGroupConfig)
lib/obj/libstm32f37x.a(stm32f37x_rcc.o)
                              obj/mBus.o (RCC_I2CCLKConfig)
lib/obj/libstm32f37x.a(stm32f37x_spi.o)
                              obj/SPI.o (SPI_Init)
lib/obj/libstm32f37x.a(stm32f37x_syscfg.o)
                              obj/mZigbee.o (SYSCFG_EXTILineConfig)
lib/obj/libstm32f37x.a(stm32f37x_usart.o)
                              obj/My_Usart.o (USART_Init)
lib/obj/libstm32f37x.a(system_stm32f37x.o)
                              obj/mUSB.o (SystemInit)
lib/obj/libstm32f37x.a(usb_core.o)
                              obj/mUSB.o (Standard_GetDescriptorData)
lib/obj/libstm32f37x.a(usb_init.o)
                              obj/mUSB.o (USB_Init)
lib/obj/libstm32f37x.a(usb_int.o)
                              obj/mUSB.o (CTR_LP)
lib/obj/libstm32f37x.a(usb_mem.o)
                              obj/mUSB.o (UserToPMABufferCopy)
lib/obj/libstm32f37x.a(usb_regs.o)
                              obj/mUSB.o (SetBTABLE)
lib/obj/libstm32f37x.a(usb_sil.o)
                              obj/mUSB.o (USB_SIL_Init)
/usr/local/Cellar/arm-none-eabi-gcc/20130916/bin/../lib/gcc/arm-none-eabi/4.7.4/../../../../arm-none-eabi/lib/armv7e-m/fpu/libc_s.a(lib_a-impure.o)
                              obj/mUSB.o (_impure_ptr)
/usr/local/Cellar/arm-none-eabi-gcc/20130916/bin/../lib/gcc/arm-none-eabi/4.7.4/../../../../arm-none-eabi/lib/armv7e-m/fpu/libc_s.a(lib_a-memcpy.o)
                              obj/mZigbee.o (memcpy)
/usr/local/Cellar/arm-none-eabi-gcc/20130916/bin/../lib/gcc/arm-none-eabi/4.7.4/../../../../arm-none-eabi/lib/armv7e-m/fpu/libc_s.a(lib_a-printf.o)
                              obj/mUSB.o (printf)
/usr/local/Cellar/arm-none-eabi-gcc/20130916/bin/../lib/gcc/arm-none-eabi/4.7.4/../../../../arm-none-eabi/lib/armv7e-m/fpu/libc_s.a(lib_a-puts.o)
                              obj/mZigbee.o (puts)
/usr/local/Cellar/arm-none-eabi-gcc/20130916/bin/../lib/gcc/arm-none-eabi/4.7.4/../../../../arm-none-eabi/lib/armv7e-m/fpu/libc_s.a(lib_a-setvbuf.o)
                              obj/mUSB.o (setvbuf)
/usr/local/Cellar/arm-none-eabi-gcc/20130916/bin/../lib/gcc/arm-none-eabi/4.7.4/../../../../arm-none-eabi/lib/armv7e-m/fpu/libc_s.a(lib_a-vfprintf.o)
                              /usr/local/Cellar/arm-none-eabi-gcc/20130916/bin/../lib/gcc/arm-none-eabi/4.7.4/../../../../arm-none-eabi/lib/armv7e-m/fpu/libc_s.a(lib_a-printf.o) (_vfprintf_r)
/usr/local/Cellar/arm-none-eabi-gcc/20130916/bin/../lib/gcc/arm-none-eabi/4.7.4/../../../../arm-none-eabi/lib/armv7e-m/fpu/libc_s.a(lib_a-vfprintf_i.o)
                              /usr/local/Cellar/arm-none-eabi-gcc/20130916/bin/../lib/gcc/arm-none-eabi/4.7.4/../../../../arm-none-eabi/lib/armv7e-m/fpu/libc_s.a(lib_a-vfprintf.o) (_printf_i)
/usr/local/Cellar/arm-none-eabi-gcc/20130916/bin/../lib/gcc/arm-none-eabi/4.7.4/../../../../arm-none-eabi/lib/armv7e-m/fpu/libc_s.a(lib_a-wbuf.o)
                              /usr/local/Cellar/arm-none-eabi-gcc/20130916/bin/../lib/gcc/arm-none-eabi/4.7.4/../../../../arm-none-eabi/lib/armv7e-m/fpu/libc_s.a(lib_a-vfprintf.o) (__swbuf_r)
/usr/local/Cellar/arm-none-eabi-gcc/20130916/bin/../lib/gcc/arm-none-eabi/4.7.4/../../../../arm-none-eabi/lib/armv7e-m/fpu/libc_s.a(lib_a-wsetup.o)
                              /usr/local/Cellar/arm-none-eabi-gcc/20130916/bin/../lib/gcc/arm-none-eabi/4.7.4/../../../../arm-none-eabi/lib/armv7e-m/fpu/libc_s.a(lib_a-vfprintf.o) (__swsetup_r)
/usr/local/Cellar/arm-none-eabi-gcc/20130916/bin/../lib/gcc/arm-none-eabi/4.7.4/../../../../arm-none-eabi/lib/armv7e-m/fpu/libc_s.a(lib_a-fflush.o)
                              /usr/local/Cellar/arm-none-eabi-gcc/20130916/bin/../lib/gcc/arm-none-eabi/4.7.4/../../../../arm-none-eabi/lib/armv7e-m/fpu/libc_s.a(lib_a-setvbuf.o) (_fflush_r)
/usr/local/Cellar/arm-none-eabi-gcc/20130916/bin/../lib/gcc/arm-none-eabi/4.7.4/../../../../arm-none-eabi/lib/armv7e-m/fpu/libc_s.a(lib_a-findfp.o)
                              /usr/local/Cellar/arm-none-eabi-gcc/20130916/bin/../lib/gcc/arm-none-eabi/4.7.4/../../../../arm-none-eabi/lib/armv7e-m/fpu/libc_s.a(lib_a-setvbuf.o) (_cleanup_r)
[...]
Memory Configuration

Name             Origin             Length             Attributes
FLASH            0x0000000008000000 0x0000000000040000 xr
RAM              0x0000000020000000 0x0000000000008000 xrw
*default*        0x0000000000000000 0xffffffffffffffff

Linker script and memory map

LOAD lib/obj/libstm32f37x.a
LOAD obj/My_Usart.o
LOAD obj/SPI.o
LOAD obj/mBus.o
LOAD obj/mGeneral.o
LOAD obj/mUSB.o
LOAD obj/mZigbee.o
LOAD obj/main.o
LOAD obj/stm32f37x_it.o
LOAD obj/startup_stm32f37x.o
LOAD lib/obj/libstm32f37x.a
START GROUP
LOAD /usr/local/Cellar/arm-none-eabi-gcc/20130916/bin/../lib/gcc/arm-none-eabi/4.7.4/armv7e-m/fpu/libgcc.a
LOAD /usr/local/Cellar/arm-none-eabi-gcc/20130916/bin/../lib/gcc/arm-none-eabi/4.7.4/../../../../arm-none-eabi/lib/armv7e-m/fpu/libc_s.a
END GROUP
                0x0000000020008000                _estack = 0x20008000
                0x0000000000000000                _Min_Heap_Size = 0x0
                0x0000000000000400                _Min_Stack_Size = 0x400

.isr_vector     0x0000000008000000      0x188
                0x0000000008000000                . = ALIGN (0x4)
 *(.isr_vector)
 .isr_vector    0x0000000008000000      0x188 obj/startup_stm32f37x.o
                0x0000000008000000                g_pfnVectors
                0x0000000008000188                . = ALIGN (0x4)

.text           0x0000000008000188     0x2640
                0x0000000008000188                . = ALIGN (0x4)
 *(.text)
 *(.text*)
 .text.SPI3_Init
                0x0000000008000188       0xcc obj/SPI.o
                0x0000000008000188                SPI3_Init
 .text.SPIx_ReadWriteByte
                0x0000000008000254       0x24 obj/SPI.o
                0x0000000008000254                SPIx_ReadWriteByte
 .text.mBusInit
                0x0000000008000278       0x64 obj/mBus.o
                0x0000000008000278                mBusInit
 .text.CPAL_TIMEOUT_UserCallback
                0x00000000080002dc       0x10 obj/mBus.o
                0x00000000080002dc                CPAL_TIMEOUT_UserCallback
 .text.CPAL_I2C_DMARXTC_UserCallback
                0x00000000080002ec       0x14 obj/mBus.o
                0x00000000080002ec                CPAL_I2C_DMARXTC_UserCallback
 .text.CPAL_I2C_ERR_UserCallback
                0x0000000008000300       0xd8 obj/mBus.o
                0x0000000008000300                CPAL_I2C_ERR_UserCallback
 .text.mInit    0x00000000080003d8       0xec obj/mGeneral.o
                0x00000000080003d8                mInit
 .text.EP1_IN_Callback
                0x00000000080004c4        0xc obj/mUSB.o
                0x00000000080004c4                EP1_IN_Callback
 .text.Virtual_Com_Port_Status_In
                0x00000000080004d0       0x14 obj/mUSB.o
                0x00000000080004d0                Virtual_Com_Port_Status_In
 .text.Virtual_Com_Port_Status_Out
                0x00000000080004e4        0x2 obj/mUSB.o
                0x00000000080004e4                Virtual_Com_Port_Status_Out
 *fill*         0x00000000080004e6        0x2 00
 .text.Virtual_Com_Port_Data_Setup
                0x00000000080004e8       0x5c obj/mUSB.o
                0x00000000080004e8                Virtual_Com_Port_Data_Setup
 .text.Virtual_Com_Port_NoData_Setup
                0x0000000008000544       0x24 obj/mUSB.o
                0x0000000008000544                Virtual_Com_Port_NoData_Setup
 .text.Virtual_Com_Port_Get_Interface_Setting
                0x0000000008000568        0xe obj/mUSB.o
                0x0000000008000568                Virtual_Com_Port_Get_Interface_Setting
 *fill*         0x0000000008000576        0x2 00
 .text.Virtual_Com_Port_GetLineCoding
                0x0000000008000578       0x18 obj/mUSB.o
                0x0000000008000578                Virtual_Com_Port_GetLineCoding
 .text.Virtual_Com_Port_SetLineCoding
                0x0000000008000590       0x18 obj/mUSB.o
                0x0000000008000590                Virtual_Com_Port_SetLineCoding
 .text.IntToUnicode
                0x00000000080005a8       0x2a obj/mUSB.o
 *fill*         0x00000000080005d2        0x2 00
 .text.Virtual_Com_Port_GetStringDescriptor
                0x00000000080005d4       0x20 obj/mUSB.o
                0x00000000080005d4                Virtual_Com_Port_GetStringDescriptor
 .text.Virtual_Com_Port_GetConfigDescriptor
                0x00000000080005f4        0xc obj/mUSB.o
                0x00000000080005f4                Virtual_Com_Port_GetConfigDescriptor
 .text.Virtual_Com_Port_GetDeviceDescriptor
                0x0000000008000600        0xc obj/mUSB.o
                0x0000000008000600                Virtual_Com_Port_GetDeviceDescriptor
 .text.Virtual_Com_Port_Reset
                0x000000000800060c       0xdc obj/mUSB.o
                0x000000000800060c                Virtual_Com_Port_Reset
 .text.EP3_OUT_Callback
                0x00000000080006e8       0x30 obj/mUSB.o
                0x00000000080006e8                EP3_OUT_Callback
 .text.USBWakeUp_IRQHandler
                0x0000000008000718        0x8 obj/mUSB.o
                0x0000000008000718                USBWakeUp_IRQHandler
 .text.PowerOn  0x0000000008000720       0x34 obj/mUSB.o
                0x0000000008000720                PowerOn
 .text.Suspend  0x0000000008000754       0xd8 obj/mUSB.o
                0x0000000008000754                Suspend
 .text.Leave_LowPowerMode
                0x000000000800082c       0x1c obj/mUSB.o
                0x000000000800082c                Leave_LowPowerMode
 .text.Resume_Init
                0x0000000008000848       0x20 obj/mUSB.o
                0x0000000008000848                Resume_Init
 .text.Resume   0x0000000008000868       0xa4 obj/mUSB.o
                0x0000000008000868                Resume
 .text.USB_Istr
                0x000000000800090c      0x1ac obj/mUSB.o
                0x000000000800090c                USB_Istr
 .text.USB_LP_IRQHandler
                0x0000000008000ab8        0x4 obj/mUSB.o
                0x0000000008000ab8                USB_LP_IRQHandler
 .text.Get_SerialNum
                0x0000000008000abc       0x34 obj/mUSB.o
                0x0000000008000abc                Get_SerialNum
 .text.Virtual_Com_Port_init
                0x0000000008000af0       0x24 obj/mUSB.o
                0x0000000008000af0                Virtual_Com_Port_init
 .text.startup.main
                0x0000000008000b14       0x2c obj/main.o
                0x0000000008000b14                main
 .text.NMI_Handler
                0x0000000008000b40        0x2 obj/stm32f37x_it.o
                0x0000000008000b40                NMI_Handler
 .text.HardFault_Handler
                0x0000000008000b42        0x2 obj/stm32f37x_it.o
                0x0000000008000b42                HardFault_Handler
 .text.MemManage_Handler
                0x0000000008000b44        0x2 obj/stm32f37x_it.o
                0x0000000008000b44                MemManage_Handler
 .text.BusFault_Handler
                0x0000000008000b46        0x2 obj/stm32f37x_it.o
                0x0000000008000b46                BusFault_Handler
 .text.UsageFault_Handler
                0x0000000008000b48        0x2 obj/stm32f37x_it.o
                0x0000000008000b48                UsageFault_Handler
 .text.SVC_Handler
                0x0000000008000b4a        0x2 obj/stm32f37x_it.o
                0x0000000008000b4a                SVC_Handler
 .text.DebugMon_Handler
                0x0000000008000b4c        0x2 obj/stm32f37x_it.o
                0x0000000008000b4c                DebugMon_Handler
 .text.PendSV_Handler
                0x0000000008000b4e        0x2 obj/stm32f37x_it.o
                0x0000000008000b4e                PendSV_Handler
 .text.Reset_Handler
                0x0000000008000b50       0x50 obj/startup_stm32f37x.o
                0x0000000008000b50                Reset_Handler
 .text.Default_Handler
                0x0000000008000ba0        0x4 obj/startup_stm32f37x.o
                0x0000000008000ba0                DMA2_Channel3_IRQHandler
                0x0000000008000ba0                USB_HP_IRQHandler
                0x0000000008000ba0                PVD_IRQHandler
                0x0000000008000ba0                EXTI3_IRQHandler
                0x0000000008000ba0                EXTI0_IRQHandler
                0x0000000008000ba0                CAN1_RX0_IRQHandler
                0x0000000008000ba0                FPU_IRQHandler
                0x0000000008000ba0                EXTI2_TS_IRQHandler
                0x0000000008000ba0                SPI1_IRQHandler
                0x0000000008000ba0                DMA2_Channel2_IRQHandler
                0x0000000008000ba0                ADC1_IRQHandler
                0x0000000008000ba0                TIM17_IRQHandler
                0x0000000008000ba0                USART3_IRQHandler
                0x0000000008000ba0                CAN1_RX1_IRQHandler
                0x0000000008000ba0                TIM4_IRQHandler
                0x0000000008000ba0                DMA2_Channel1_IRQHandler
                0x0000000008000ba0                TIM16_IRQHandler
                0x0000000008000ba0                DMA2_Channel4_IRQHandler
                0x0000000008000ba0                TIM3_IRQHandler
                0x0000000008000ba0                RCC_IRQHandler
                0x0000000008000ba0                DMA1_Channel1_IRQHandler
                0x0000000008000ba0                Default_Handler
                0x0000000008000ba0                CEC_IRQHandler
                0x0000000008000ba0                EXTI15_10_IRQHandler
                0x0000000008000ba0                TIM14_IRQHandler
                0x0000000008000ba0                TIM13_IRQHandler
                0x0000000008000ba0                TIM12_IRQHandler
                0x0000000008000ba0                TIM7_IRQHandler
                0x0000000008000ba0                TIM5_IRQHandler
                0x0000000008000ba0                SDADC2_IRQHandler
                0x0000000008000ba0                TIM15_IRQHandler
                0x0000000008000ba0                TIM6_DAC1_IRQHandler
                0x0000000008000ba0                EXTI9_5_IRQHandler
                0x0000000008000ba0                TAMPER_STAMP_IRQHandler
                0x0000000008000ba0                RTC_WKUP_IRQHandler
                0x0000000008000ba0                SPI2_IRQHandler
                0x0000000008000ba0                CAN1_TX_IRQHandler
                0x0000000008000ba0                DMA2_Channel5_IRQHandler
                0x0000000008000ba0                EXTI4_IRQHandler
                0x0000000008000ba0                TIM18_DAC2_IRQHandler
                0x0000000008000ba0                DMA1_Channel3_IRQHandler
                0x0000000008000ba0                COMP_IRQHandler
                0x0000000008000ba0                WWDG_IRQHandler
                0x0000000008000ba0                SDADC1_IRQHandler
                0x0000000008000ba0                TIM2_IRQHandler
                0x0000000008000ba0                EXTI1_IRQHandler
                0x0000000008000ba0                SDADC3_IRQHandler
                0x0000000008000ba0                USART2_IRQHandler
                0x0000000008000ba0                TIM19_IRQHandler
                0x0000000008000ba0                DMA1_Channel2_IRQHandler
                0x0000000008000ba0                CAN1_SCE_IRQHandler
                0x0000000008000ba0                FLASH_IRQHandler
                0x0000000008000ba0                USART1_IRQHandler
                0x0000000008000ba0                SPI3_IRQHandler
                0x0000000008000ba0                RTC_Alarm_IRQHandler
 .text.CPAL_I2C_Timeout
                0x0000000008000ba4       0x12 lib/obj/libstm32f37x.a(stm32f37x_i2c_cpal.o)
 *fill*         0x0000000008000bb6        0x2 00
 .text.CPAL_I2C_Init
                0x0000000008000bb8      0x158 lib/obj/libstm32f37x.a(stm32f37x_i2c_cpal.o)
                0x0000000008000bb8                CPAL_I2C_Init
 .text.CPAL_I2C_StructInit
                0x0000000008000d10       0x38 lib/obj/libstm32f37x.a(stm32f37x_i2c_cpal.o)
                0x0000000008000d10                CPAL_I2C_StructInit
 .text.CPAL_I2C_EV_IRQHandler
                0x0000000008000d48      0x1f4 lib/obj/libstm32f37x.a(stm32f37x_i2c_cpal.o)
                0x0000000008000d48                CPAL_I2C_EV_IRQHandler
 .text.CPAL_I2C_ER_IRQHandler
                0x0000000008000f3c       0x5c lib/obj/libstm32f37x.a(stm32f37x_i2c_cpal.o)
                0x0000000008000f3c                CPAL_I2C_ER_IRQHandler
 .text.CPAL_I2C_DMA_TX_IRQHandler
                0x0000000008000f98       0xb0 lib/obj/libstm32f37x.a(stm32f37x_i2c_cpal.o)
                0x0000000008000f98                CPAL_I2C_DMA_TX_IRQHandler
 .text.CPAL_I2C_DMA_RX_IRQHandler
                0x0000000008001048       0xd8 lib/obj/libstm32f37x.a(stm32f37x_i2c_cpal.o)
                0x0000000008001048                CPAL_I2C_DMA_RX_IRQHandler
 .text.SysTick_Handler
                0x0000000008001120       0x4c lib/obj/libstm32f37x.a(stm32f37x_i2c_cpal.o)
                0x0000000008001120                SysTick_Handler
 .text.CPAL_HAL_NVICInit
                0x000000000800116c        0x8 lib/obj/libstm32f37x.a(stm32f37x_i2c_cpal_hal.o)
                0x000000000800116c                CPAL_HAL_NVICInit
 .text.CPAL_I2C_HAL_CLKInit
                0x0000000008001174       0x28 lib/obj/libstm32f37x.a(stm32f37x_i2c_cpal_hal.o)
                0x0000000008001174                CPAL_I2C_HAL_CLKInit
 .text.CPAL_I2C_HAL_CLKDeInit
                0x000000000800119c       0x28 lib/obj/libstm32f37x.a(stm32f37x_i2c_cpal_hal.o)
                0x000000000800119c                CPAL_I2C_HAL_CLKDeInit
 .text.CPAL_I2C_HAL_GPIOInit
                0x00000000080011c4       0xa8 lib/obj/libstm32f37x.a(stm32f37x_i2c_cpal_hal.o)
                0x00000000080011c4                CPAL_I2C_HAL_GPIOInit
 .text.CPAL_I2C_HAL_GPIODeInit
                0x000000000800126c       0x58 lib/obj/libstm32f37x.a(stm32f37x_i2c_cpal_hal.o)
                0x000000000800126c                CPAL_I2C_HAL_GPIODeInit
 .text.CPAL_I2C_HAL_DMAInit
                0x00000000080012c4       0x88 lib/obj/libstm32f37x.a(stm32f37x_i2c_cpal_hal.o)
                0x00000000080012c4                CPAL_I2C_HAL_DMAInit
 .text.CPAL_I2C_HAL_DMADeInit
                0x000000000800134c       0x30 lib/obj/libstm32f37x.a(stm32f37x_i2c_cpal_hal.o)
                0x000000000800134c                CPAL_I2C_HAL_DMADeInit
 .text.CPAL_I2C_HAL_ITInit
                0x000000000800137c      0x13c lib/obj/libstm32f37x.a(stm32f37x_i2c_cpal_hal.o)
                0x000000000800137c                CPAL_I2C_HAL_ITInit
 .text.I2C1_EV_IRQHandler
                0x00000000080014b8        0xc lib/obj/libstm32f37x.a(stm32f37x_i2c_cpal_hal.o)
                0x00000000080014b8                I2C1_EV_IRQHandler
 .text.I2C1_ER_IRQHandler
                0x00000000080014c4       0x10 lib/obj/libstm32f37x.a(stm32f37x_i2c_cpal_hal.o)
                0x00000000080014c4                I2C1_ER_IRQHandler
 .text.DMA1_Channel6_IRQHandler
                0x00000000080014d4        0xc lib/obj/libstm32f37x.a(stm32f37x_i2c_cpal_hal.o)
                0x00000000080014d4                DMA1_Channel6_IRQHandler
 .text.DMA1_Channel7_IRQHandler
                0x00000000080014e0        0xc lib/obj/libstm32f37x.a(stm32f37x_i2c_cpal_hal.o)
                0x00000000080014e0                DMA1_Channel7_IRQHandler
 .text.I2C2_EV_IRQHandler
                0x00000000080014ec        0xc lib/obj/libstm32f37x.a(stm32f37x_i2c_cpal_hal.o)
                0x00000000080014ec                I2C2_EV_IRQHandler
 .text.I2C2_ER_IRQHandler
                0x00000000080014f8       0x10 lib/obj/libstm32f37x.a(stm32f37x_i2c_cpal_hal.o)
                0x00000000080014f8                I2C2_ER_IRQHandler
 .text.DMA1_Channel4_IRQHandler
                0x0000000008001508        0xc lib/obj/libstm32f37x.a(stm32f37x_i2c_cpal_hal.o)
                0x0000000008001508                DMA1_Channel4_IRQHandler
 .text.DMA1_Channel5_IRQHandler
                0x0000000008001514        0xc lib/obj/libstm32f37x.a(stm32f37x_i2c_cpal_hal.o)
                0x0000000008001514                DMA1_Channel5_IRQHandler
 .text.DMA_DeInit
                0x0000000008001520       0xf0 lib/obj/libstm32f37x.a(stm32f37x_dma.o)
                0x0000000008001520                DMA_DeInit
 .text.DMA_Init
                0x0000000008001610       0x40 lib/obj/libstm32f37x.a(stm32f37x_dma.o)
                0x0000000008001610                DMA_Init
 .text.EXTI_ClearITPendingBit
                0x0000000008001650        0xc lib/obj/libstm32f37x.a(stm32f37x_exti.o)
                0x0000000008001650                EXTI_ClearITPendingBit
 .text.GPIO_Init
                0x000000000800165c       0x84 lib/obj/libstm32f37x.a(stm32f37x_gpio.o)
                0x000000000800165c                GPIO_Init
 .text.GPIO_PinLockConfig
                0x00000000080016e0       0x26 lib/obj/libstm32f37x.a(stm32f37x_gpio.o)
                0x00000000080016e0                GPIO_PinLockConfig
 .text.GPIO_ResetBits
                0x0000000008001706        0x4 lib/obj/libstm32f37x.a(stm32f37x_gpio.o)
                0x0000000008001706                GPIO_ResetBits
 .text.GPIO_PinAFConfig
                0x000000000800170a       0x2e lib/obj/libstm32f37x.a(stm32f37x_gpio.o)
                0x000000000800170a                GPIO_PinAFConfig
 .text.I2C_Init
                0x0000000008001738       0x60 lib/obj/libstm32f37x.a(stm32f37x_i2c.o)
                0x0000000008001738                I2C_Init
 .text.NVIC_PriorityGroupConfig
                0x0000000008001798       0x14 lib/obj/libstm32f37x.a(stm32f37x_misc.o)
                0x0000000008001798                NVIC_PriorityGroupConfig
 .text.NVIC_Init
                0x00000000080017ac       0x68 lib/obj/libstm32f37x.a(stm32f37x_misc.o)
                0x00000000080017ac                NVIC_Init
 .text.RCC_I2CCLKConfig
                0x0000000008001814       0x20 lib/obj/libstm32f37x.a(stm32f37x_rcc.o)
                0x0000000008001814                RCC_I2CCLKConfig
 .text.RCC_AHBPeriphClockCmd
                0x0000000008001834       0x18 lib/obj/libstm32f37x.a(stm32f37x_rcc.o)
                0x0000000008001834                RCC_AHBPeriphClockCmd
 .text.RCC_APB1PeriphClockCmd
                0x000000000800184c       0x18 lib/obj/libstm32f37x.a(stm32f37x_rcc.o)
                0x000000000800184c                RCC_APB1PeriphClockCmd
 .text.RCC_APB1PeriphResetCmd
                0x0000000008001864       0x18 lib/obj/libstm32f37x.a(stm32f37x_rcc.o)
                0x0000000008001864                RCC_APB1PeriphResetCmd
 .text.SPI_Init
                0x000000000800187c       0x56 lib/obj/libstm32f37x.a(stm32f37x_spi.o)
                0x000000000800187c                SPI_Init
 .text.SPI_Cmd  0x00000000080018d2       0x18 lib/obj/libstm32f37x.a(stm32f37x_spi.o)
                0x00000000080018d2                SPI_Cmd
 *fill*         0x00000000080018ea        0x2 00
 .text.SystemInit
                0x00000000080018ec      0x100 lib/obj/libstm32f37x.a(system_stm32f37x.o)
                0x00000000080018ec                SystemInit
 .text.Standard_GetConfiguration
                0x00000000080019ec       0x24 lib/obj/libstm32f37x.a(usb_core.o)
                0x00000000080019ec                Standard_GetConfiguration
 .text.Standard_GetInterface
                0x0000000008001a10       0x24 lib/obj/libstm32f37x.a(usb_core.o)
                0x0000000008001a10                Standard_GetInterface
 .text.Standard_GetStatus
                0x0000000008001a34       0x9c lib/obj/libstm32f37x.a(usb_core.o)
                0x0000000008001a34                Standard_GetStatus
 .text.DataStageIn
                0x0000000008001ad0       0xa4 lib/obj/libstm32f37x.a(usb_core.o)
 .text.Standard_SetConfiguration
                0x0000000008001b74       0x38 lib/obj/libstm32f37x.a(usb_core.o)
                0x0000000008001b74                Standard_SetConfiguration
 .text.Standard_SetInterface
                0x0000000008001bac       0x48 lib/obj/libstm32f37x.a(usb_core.o)
                0x0000000008001bac                Standard_SetInterface
 .text.Standard_ClearFeature
                0x0000000008001bf4       0xdc lib/obj/libstm32f37x.a(usb_core.o)
                0x0000000008001bf4                Standard_ClearFeature
 .text.Standard_SetEndPointFeature
                0x0000000008001cd0       0x8c lib/obj/libstm32f37x.a(usb_core.o)
                0x0000000008001cd0                Standard_SetEndPointFeature
 .text.Standard_SetDeviceFeature
                0x0000000008001d5c       0x24 lib/obj/libstm32f37x.a(usb_core.o)
                0x0000000008001d5c                Standard_SetDeviceFeature
 .text.Standard_GetDescriptorData
                0x0000000008001d80       0x1c lib/obj/libstm32f37x.a(usb_core.o)
                0x0000000008001d80                Standard_GetDescriptorData
 .text.Post0_Process
                0x0000000008001d9c       0x40 lib/obj/libstm32f37x.a(usb_core.o)
                0x0000000008001d9c                Post0_Process
 .text.Out0_Process
                0x0000000008001ddc       0xd4 lib/obj/libstm32f37x.a(usb_core.o)
                0x0000000008001ddc                Out0_Process
 .text.Setup0_Process
                0x0000000008001eb0      0x2fc lib/obj/libstm32f37x.a(usb_core.o)
                0x0000000008001eb0                Setup0_Process
 .text.SetDeviceAddress
                0x00000000080021ac       0x40 lib/obj/libstm32f37x.a(usb_core.o)
                0x00000000080021ac                SetDeviceAddress
 .text.In0_Process
                0x00000000080021ec       0x60 lib/obj/libstm32f37x.a(usb_core.o)
                0x00000000080021ec                In0_Process
 .text.NOP_Process
                0x000000000800224c        0x2 lib/obj/libstm32f37x.a(usb_core.o)
                0x000000000800224c                NOP_Process
 *fill*         0x000000000800224e        0x2 00
 .text.CTR_LP   0x0000000008002250      0x190 lib/obj/libstm32f37x.a(usb_int.o)
                0x0000000008002250                CTR_LP
 .text.UserToPMABufferCopy
                0x00000000080023e0       0x2e lib/obj/libstm32f37x.a(usb_mem.o)
                0x00000000080023e0                UserToPMABufferCopy
 .text.PMAToUserBufferCopy
                0x000000000800240e       0x24 lib/obj/libstm32f37x.a(usb_mem.o)
                0x000000000800240e                PMAToUserBufferCopy
 *fill*         0x0000000008002432        0x2 00
 .text.SetBTABLE
                0x0000000008002434       0x10 lib/obj/libstm32f37x.a(usb_regs.o)
                0x0000000008002434                SetBTABLE
 .text.SetEPType
                0x0000000008002444       0x18 lib/obj/libstm32f37x.a(usb_regs.o)
                0x0000000008002444                SetEPType
 .text.SetEPTxStatus
                0x000000000800245c       0x3a lib/obj/libstm32f37x.a(usb_regs.o)
                0x000000000800245c                SetEPTxStatus
 .text.SetEPRxStatus
                0x0000000008002496       0x3a lib/obj/libstm32f37x.a(usb_regs.o)
                0x0000000008002496                SetEPRxStatus
 .text.SetEPRxValid
                0x00000000080024d0       0x22 lib/obj/libstm32f37x.a(usb_regs.o)
                0x00000000080024d0                SetEPRxValid
 .text.Clear_Status_Out
                0x00000000080024f2       0x1e lib/obj/libstm32f37x.a(usb_regs.o)
                0x00000000080024f2                Clear_Status_Out
 .text.ClearDTOG_RX
                0x0000000008002510       0x24 lib/obj/libstm32f37x.a(usb_regs.o)
                0x0000000008002510                ClearDTOG_RX
 .text.ClearDTOG_TX
                0x0000000008002534       0x24 lib/obj/libstm32f37x.a(usb_regs.o)
                0x0000000008002534                ClearDTOG_TX
 .text.SetEPTxAddr
                0x0000000008002558       0x20 lib/obj/libstm32f37x.a(usb_regs.o)
                0x0000000008002558                SetEPTxAddr
 .text.SetEPRxAddr
                0x0000000008002578       0x20 lib/obj/libstm32f37x.a(usb_regs.o)
                0x0000000008002578                SetEPRxAddr
 .text.GetEPTxAddr
                0x0000000008002598       0x1c lib/obj/libstm32f37x.a(usb_regs.o)
                0x0000000008002598                GetEPTxAddr
 .text.GetEPRxAddr
                0x00000000080025b4       0x1c lib/obj/libstm32f37x.a(usb_regs.o)
                0x00000000080025b4                GetEPRxAddr
 .text.SetEPTxCount
                0x00000000080025d0       0x1c lib/obj/libstm32f37x.a(usb_regs.o)
                0x00000000080025d0                SetEPTxCount
 .text.SetEPRxCount
                0x00000000080025ec       0x3c lib/obj/libstm32f37x.a(usb_regs.o)
                0x00000000080025ec                SetEPRxCount
 .text.GetEPRxCount
                0x0000000008002628       0x20 lib/obj/libstm32f37x.a(usb_regs.o)
                0x0000000008002628                GetEPRxCount
 .text.ByteSwap
                0x0000000008002648        0xa lib/obj/libstm32f37x.a(usb_regs.o)
                0x0000000008002648                ByteSwap
 *fill*         0x0000000008002652        0x2 00
 .text.USB_SIL_Init
                0x0000000008002654       0x20 lib/obj/libstm32f37x.a(usb_sil.o)
                0x0000000008002654                USB_SIL_Init
 *(.rodata)
 *(.rodata*)
 .rodata.Virtual_Com_Port_StringLangID
                0x0000000008002674        0x4 obj/mUSB.o
                0x0000000008002674                Virtual_Com_Port_StringLangID
 .rodata.Virtual_Com_Port_ConfigDescriptor
                0x0000000008002678       0x43 obj/mUSB.o
                0x0000000008002678                Virtual_Com_Port_ConfigDescriptor
 .rodata.Virtual_Com_Port_StringVendor
                0x00000000080026bb       0x26 obj/mUSB.o
                0x00000000080026bb                Virtual_Com_Port_StringVendor
 .rodata.Virtual_Com_Port_StringProduct
                0x00000000080026e1       0x32 obj/mUSB.o
                0x00000000080026e1                Virtual_Com_Port_StringProduct
 .rodata.Virtual_Com_Port_DeviceDescriptor
                0x0000000008002713       0x12 obj/mUSB.o
                0x0000000008002713                Virtual_Com_Port_DeviceDescriptor
 *fill*         0x0000000008002725        0x1 00
 .rodata.CPAL_I2C_SCL_GPIO_PINSOURCE
                0x0000000008002726        0x4 lib/obj/libstm32f37x.a(stm32f37x_i2c_cpal_hal.o)
                0x0000000008002726                CPAL_I2C_SCL_GPIO_PINSOURCE
 *fill*         0x000000000800272a        0x2 00
 .rodata.CPAL_I2C_RXDR
                0x000000000800272c        0x8 lib/obj/libstm32f37x.a(stm32f37x_i2c_cpal_hal.o)
                0x000000000800272c                CPAL_I2C_RXDR
 .rodata.I2C_IT_DMATX_SUBPRIO
                0x0000000008002734        0x2 lib/obj/libstm32f37x.a(stm32f37x_i2c_cpal_hal.o)
                0x0000000008002734                I2C_IT_DMATX_SUBPRIO
 *fill*         0x0000000008002736        0x2 00
 .rodata.CPAL_I2C_TXDR
                0x0000000008002738        0x8 lib/obj/libstm32f37x.a(stm32f37x_i2c_cpal_hal.o)
                0x0000000008002738                CPAL_I2C_TXDR
 .rodata.I2C_IT_EVT_SUBPRIO
                0x0000000008002740        0x2 lib/obj/libstm32f37x.a(stm32f37x_i2c_cpal_hal.o)
                0x0000000008002740                I2C_IT_EVT_SUBPRIO
 *fill*         0x0000000008002742        0x2 00
 .rodata.CPAL_I2C_DMA_TX_HT_FLAG
                0x0000000008002744        0x8 lib/obj/libstm32f37x.a(stm32f37x_i2c_cpal_hal.o)
                0x0000000008002744                CPAL_I2C_DMA_TX_HT_FLAG
 .rodata.CPAL_I2C_IT_ERR_IRQn
                0x000000000800274c        0x2 lib/obj/libstm32f37x.a(stm32f37x_i2c_cpal_hal.o)
                0x000000000800274c                CPAL_I2C_IT_ERR_IRQn
 .rodata.CPAL_I2C_SDA_GPIO_PIN
                0x000000000800274e        0x4 lib/obj/libstm32f37x.a(stm32f37x_i2c_cpal_hal.o)
                0x000000000800274e                CPAL_I2C_SDA_GPIO_PIN
 *fill*         0x0000000008002752        0x2 00
 .rodata.CPAL_I2C_DMA_RX_TC_FLAG
                0x0000000008002754        0x8 lib/obj/libstm32f37x.a(stm32f37x_i2c_cpal_hal.o)
                0x0000000008002754                CPAL_I2C_DMA_RX_TC_FLAG
 .rodata.CPAL_I2C_IT_EVT_IRQn
                0x000000000800275c        0x2 lib/obj/libstm32f37x.a(stm32f37x_i2c_cpal_hal.o)
                0x000000000800275c                CPAL_I2C_IT_EVT_IRQn
 .rodata.I2C_IT_ERR_PREPRIO
                0x000000000800275e        0x2 lib/obj/libstm32f37x.a(stm32f37x_i2c_cpal_hal.o)
                0x000000000800275e                I2C_IT_ERR_PREPRIO
 .rodata.I2C_IT_DMARX_PREPRIO
                0x0000000008002760        0x2 lib/obj/libstm32f37x.a(stm32f37x_i2c_cpal_hal.o)
                0x0000000008002760                I2C_IT_DMARX_PREPRIO
 .rodata.CPAL_I2C_SCL_GPIO_PIN
                0x0000000008002762        0x4 lib/obj/libstm32f37x.a(stm32f37x_i2c_cpal_hal.o)
                0x0000000008002762                CPAL_I2C_SCL_GPIO_PIN
 *fill*         0x0000000008002766        0x2 00
 .rodata.CPAL_I2C_CLK
                0x0000000008002768        0x8 lib/obj/libstm32f37x.a(stm32f37x_i2c_cpal_hal.o)
                0x0000000008002768                CPAL_I2C_CLK
 .rodata.CPAL_I2C_AF
                0x0000000008002770        0x8 lib/obj/libstm32f37x.a(stm32f37x_i2c_cpal_hal.o)
                0x0000000008002770                CPAL_I2C_AF
 .rodata.CPAL_I2C_DMA_RX_IRQn
                0x0000000008002778        0x2 lib/obj/libstm32f37x.a(stm32f37x_i2c_cpal_hal.o)
                0x0000000008002778                CPAL_I2C_DMA_RX_IRQn
 *fill*         0x000000000800277a        0x2 00
 .rodata.CPAL_I2C_DMA_TX_TE_FLAG
                0x000000000800277c        0x8 lib/obj/libstm32f37x.a(stm32f37x_i2c_cpal_hal.o)
                0x000000000800277c                CPAL_I2C_DMA_TX_TE_FLAG
 .rodata.CPAL_I2C_DMA_TX_TC_FLAG
                0x0000000008002784        0x8 lib/obj/libstm32f37x.a(stm32f37x_i2c_cpal_hal.o)
                0x0000000008002784                CPAL_I2C_DMA_TX_TC_FLAG
 .rodata.I2C_IT_DMATX_PREPRIO
                0x000000000800278c        0x2 lib/obj/libstm32f37x.a(stm32f37x_i2c_cpal_hal.o)
                0x000000000800278c                I2C_IT_DMATX_PREPRIO
 *fill*         0x000000000800278e        0x2 00
 .rodata.CPAL_I2C_DMA_RX_TE_FLAG
                0x0000000008002790        0x8 lib/obj/libstm32f37x.a(stm32f37x_i2c_cpal_hal.o)
                0x0000000008002790                CPAL_I2C_DMA_RX_TE_FLAG
 .rodata.I2C_IT_EVT_PREPRIO
                0x0000000008002798        0x2 lib/obj/libstm32f37x.a(stm32f37x_i2c_cpal_hal.o)
                0x0000000008002798                I2C_IT_EVT_PREPRIO
 .rodata.CPAL_I2C_SDA_GPIO_PINSOURCE
                0x000000000800279a        0x4 lib/obj/libstm32f37x.a(stm32f37x_i2c_cpal_hal.o)
                0x000000000800279a                CPAL_I2C_SDA_GPIO_PINSOURCE
 .rodata.I2C_IT_ERR_SUBPRIO
                0x000000000800279e        0x2 lib/obj/libstm32f37x.a(stm32f37x_i2c_cpal_hal.o)
                0x000000000800279e                I2C_IT_ERR_SUBPRIO
 .rodata.I2C_IT_DMARX_SUBPRIO
                0x00000000080027a0        0x2 lib/obj/libstm32f37x.a(stm32f37x_i2c_cpal_hal.o)
                0x00000000080027a0                I2C_IT_DMARX_SUBPRIO
 *fill*         0x00000000080027a2        0x2 00
 .rodata.CPAL_I2C_SDA_GPIO_CLK
                0x00000000080027a4        0x8 lib/obj/libstm32f37x.a(stm32f37x_i2c_cpal_hal.o)
                0x00000000080027a4                CPAL_I2C_SDA_GPIO_CLK
 .rodata.CPAL_I2C_DMA_TX_IRQn
                0x00000000080027ac        0x2 lib/obj/libstm32f37x.a(stm32f37x_i2c_cpal_hal.o)
                0x00000000080027ac                CPAL_I2C_DMA_TX_IRQn
 *fill*         0x00000000080027ae        0x2 00
 .rodata.CPAL_I2C_DMA_CLK
                0x00000000080027b0        0x8 lib/obj/libstm32f37x.a(stm32f37x_i2c_cpal_hal.o)
                0x00000000080027b0                CPAL_I2C_DMA_CLK
 .rodata.CPAL_I2C_DMA_RX_HT_FLAG
                0x00000000080027b8        0x8 lib/obj/libstm32f37x.a(stm32f37x_i2c_cpal_hal.o)
                0x00000000080027b8                CPAL_I2C_DMA_RX_HT_FLAG
 .rodata.CPAL_I2C_SCL_GPIO_CLK
                0x00000000080027c0        0x8 lib/obj/libstm32f37x.a(stm32f37x_i2c_cpal_hal.o)
                0x00000000080027c0                CPAL_I2C_SCL_GPIO_CLK
 *(.glue_7)
 .glue_7        0x0000000000000000        0x0 linker stubs
 *(.glue_7t)
 .glue_7t       0x0000000000000000        0x0 linker stubs
 *(.init)
 *(.fini)
                0x00000000080027c8                . = ALIGN (0x4)
                0x00000000080027c8                _etext = .

.vfp11_veneer   0x00000000080027c8        0x0
 .vfp11_veneer  0x0000000000000000        0x0 linker stubs

.v4_bx          0x00000000080027c8        0x0
 .v4_bx         0x0000000000000000        0x0 linker stubs

.iplt           0x00000000080027c8        0x0
 .iplt          0x0000000000000000        0x0 obj/My_Usart.o

.rel.dyn        0x00000000080027c8        0x0
 .rel.iplt      0x0000000000000000        0x0 obj/My_Usart.o

.ARM.extab
 *(.ARM.extab* .gnu.linkonce.armextab.*)

.ARM            0x00000000080027c8        0x0
                0x00000000080027c8                __exidx_start = .
 *(.ARM.exidx*)
                0x00000000080027c8                __exidx_end = .

.preinit_array  0x00000000080027c8        0x0
                0x00000000080027c8                PROVIDE (__preinit_array_start, .)
 *(.preinit_array*)
                0x00000000080027c8                PROVIDE (__preinit_array_end, .)

.init_array     0x00000000080027c8        0x0
                0x00000000080027c8                PROVIDE (__init_array_start, .)
 *(SORT(.init_array.*))
 *(.init_array*)
                0x00000000080027c8                PROVIDE (__init_array_end, .)

.fini_array     0x00000000080027c8        0x0
                0x00000000080027c8                PROVIDE (__fini_array_start, .)
 *(.fini_array*)
 *(SORT(.fini_array.*))
                0x00000000080027c8                PROVIDE (__fini_array_end, .)
                0x00000000080027c8                _sidata = .

.data           0x0000000020000000      0x140 load address 0x00000000080027c8
                0x0000000020000000                . = ALIGN (0x4)
                0x0000000020000000                _sdata = .
 *(.data)
 *(.data*)
 .data.Config_Descriptor
                0x0000000020000000        0x8 obj/mUSB.o
                0x0000000020000000                Config_Descriptor
 .data.Virtual_Com_Port_StringSerial
                0x0000000020000008       0x1a obj/mUSB.o
                0x0000000020000008                Virtual_Com_Port_StringSerial
 *fill*         0x0000000020000022        0x2 00
 .data.Device_Property
                0x0000000020000024       0x30 obj/mUSB.o
                0x0000000020000024                Device_Property
 .data.pEpInt_OUT
                0x0000000020000054       0x1c obj/mUSB.o
                0x0000000020000054                pEpInt_OUT
 .data.Device_Descriptor
                0x0000000020000070        0x8 obj/mUSB.o
                0x0000000020000070                Device_Descriptor
 .data.String_Descriptor
                0x0000000020000078       0x20 obj/mUSB.o
                0x0000000020000078                String_Descriptor
 .data.Device_Table
                0x0000000020000098        0x2 obj/mUSB.o
                0x0000000020000098                Device_Table
 *fill*         0x000000002000009a        0x2 00
 .data.packet_sent
                0x000000002000009c        0x4 obj/mUSB.o
                0x000000002000009c                packet_sent
 .data.pEpInt_IN
                0x00000000200000a0       0x1c obj/mUSB.o
                0x00000000200000a0                pEpInt_IN
 .data.linecoding
                0x00000000200000bc        0x8 obj/mUSB.o
                0x00000000200000bc                linecoding
 .data.I2C1_DevStructure
                0x00000000200000c4       0x20 lib/obj/libstm32f37x.a(stm32f37x_i2c_cpal_hal.o)
                0x00000000200000c4                I2C1_DevStructure
 .data.I2C2_DevStructure
                0x00000000200000e4       0x20 lib/obj/libstm32f37x.a(stm32f37x_i2c_cpal_hal.o)
                0x00000000200000e4                I2C2_DevStructure
 .data.CPAL_I2C_SCL_GPIO_PORT
                0x0000000020000104        0x8 lib/obj/libstm32f37x.a(stm32f37x_i2c_cpal_hal.o)
                0x0000000020000104                CPAL_I2C_SCL_GPIO_PORT
 .data.I2C_DevStructures
                0x000000002000010c        0x8 lib/obj/libstm32f37x.a(stm32f37x_i2c_cpal_hal.o)
                0x000000002000010c                I2C_DevStructures
 .data.CPAL_I2C_DMA_TX_Channel
                0x0000000020000114        0x8 lib/obj/libstm32f37x.a(stm32f37x_i2c_cpal_hal.o)
                0x0000000020000114                CPAL_I2C_DMA_TX_Channel
 .data.CPAL_I2C_DEVICE
                0x000000002000011c        0x8 lib/obj/libstm32f37x.a(stm32f37x_i2c_cpal_hal.o)
                0x000000002000011c                CPAL_I2C_DEVICE
 .data.CPAL_I2C_SDA_GPIO_PORT
                0x0000000020000124        0x8 lib/obj/libstm32f37x.a(stm32f37x_i2c_cpal_hal.o)
                0x0000000020000124                CPAL_I2C_SDA_GPIO_PORT
 .data.CPAL_I2C_DMA
                0x000000002000012c        0x8 lib/obj/libstm32f37x.a(stm32f37x_i2c_cpal_hal.o)
                0x000000002000012c                CPAL_I2C_DMA
 .data.CPAL_I2C_DMA_RX_Channel
                0x0000000020000134        0x8 lib/obj/libstm32f37x.a(stm32f37x_i2c_cpal_hal.o)
                0x0000000020000134                CPAL_I2C_DMA_RX_Channel
 .data.SystemCoreClock
                0x000000002000013c        0x4 lib/obj/libstm32f37x.a(system_stm32f37x.o)
                0x000000002000013c                SystemCoreClock
                0x0000000020000140                . = ALIGN (0x4)
                0x0000000020000140                _edata = .

.igot.plt       0x0000000020000140        0x0 load address 0x0000000008002908
 .igot.plt      0x0000000000000000        0x0 obj/My_Usart.o
                0x0000000020000140                . = ALIGN (0x4)

.bss            0x0000000020000140      0x188 load address 0x0000000008002908
                0x0000000020000140                _sbss = .
                0x0000000020000140                __bss_start__ = _sbss
 *(.bss)
 *(.bss*)
 .bss.mBusTx    0x0000000020000140       0x10 obj/mBus.o
                0x0000000020000140                mBusTx
 .bss.mBusReadBurstReady
                0x0000000020000150        0x1 obj/mBus.o
                0x0000000020000150                mBusReadBurstReady
 .bss.mBusReadBurstStartFlag
                0x0000000020000151        0x1 obj/mBus.o
                0x0000000020000151                mBusReadBurstStartFlag
 *fill*         0x0000000020000152        0x2 00
 .bss.mBusRx    0x0000000020000154       0x10 obj/mBus.o
                0x0000000020000154                mBusRx
 .bss.Request   0x0000000020000164        0x1 obj/mUSB.o
                0x0000000020000164                Request
 *fill*         0x0000000020000165        0x3 00
 .bss.wCNTR     0x0000000020000168        0x4 obj/mUSB.o
                0x0000000020000168                wCNTR
 .bss.remotewakeupon
                0x000000002000016c        0x4 obj/mUSB.o
                0x000000002000016c                remotewakeupon
 .bss.esof_counter
                0x0000000020000170        0x4 obj/mUSB.o
                0x0000000020000170                esof_counter
 .bss.bIntPackSOF
                0x0000000020000174        0x1 obj/mUSB.o
                0x0000000020000174                bIntPackSOF
 .bss.fSuspendEnabled
                0x0000000020000175        0x1 obj/mUSB.o
                0x0000000020000175                fSuspendEnabled
 *fill*         0x0000000020000176        0x2 00
 .bss.packet_receive
                0x0000000020000178        0x4 obj/mUSB.o
                0x0000000020000178                packet_receive
 .bss.bDeviceState
                0x000000002000017c        0x4 obj/mUSB.o
                0x000000002000017c                bDeviceState
 .bss.Num_Data  0x0000000020000180        0x4 lib/obj/libstm32f37x.a(stm32f37x_i2c_cpal.o)
                0x0000000020000180                Num_Data
 .bss.CR2_tmp   0x0000000020000184        0x4 lib/obj/libstm32f37x.a(stm32f37x_i2c_cpal.o)
                0x0000000020000184                CR2_tmp
 .bss.Data_Mul_MaxPacketSize
                0x0000000020000188        0x1 lib/obj/libstm32f37x.a(usb_core.o)
                0x0000000020000188                Data_Mul_MaxPacketSize
 *(COMMON)
 *fill*         0x0000000020000189        0x3 00
 COMMON         0x000000002000018c       0xb8 obj/mUSB.o
                0x000000002000018c                HSEStartUpStatus
                0x0000000020000190                Receive_length
                0x0000000020000194                wIstr
                0x0000000020000196                Receive_Buffer
                0x00000000200001d6                ResumeS
                0x00000000200001d8                EP
                0x00000000200001f8                EXTI_InitStructure
                0x0000000020000200                Send_Buffer
                0x0000000020000240                Send_length
 COMMON         0x0000000020000244       0x1c lib/obj/libstm32f37x.a(stm32f37x_i2c_cpal.o)
                0x0000000020000244                I2C_InitStructure
 COMMON         0x0000000020000260       0x2c lib/obj/libstm32f37x.a(stm32f37x_i2c_cpal_hal.o)
                0x0000000020000260                CPAL_DMA_InitStructure
 COMMON         0x000000002000028c        0x2 lib/obj/libstm32f37x.a(usb_core.o)
                0x000000002000028c                StatusInfo
 *fill*         0x000000002000028e        0x2 00
 COMMON         0x0000000020000290       0x32 lib/obj/libstm32f37x.a(usb_init.o)
                0x0000000020000290                SaveState
                0x0000000020000294                pProperty
                0x0000000020000298                EPindex
                0x000000002000029c                Device_Info
                0x00000000200002b8                pUser_Standard_Requests
                0x00000000200002bc                pInformation
                0x00000000200002c0                wInterrupt_Mask
 COMMON         0x00000000200002c2        0x4 lib/obj/libstm32f37x.a(usb_int.o)
                0x00000000200002c2                SaveRState
                0x00000000200002c4                SaveTState
                0x00000000200002c8                . = ALIGN (0x4)
 *fill*         0x00000000200002c6        0x2 00
                0x00000000200002c8                _ebss = .
                0x00000000200002c8                __bss_end__ = _ebss
                0x00000000200002c8                PROVIDE (end, _ebss)
                0x00000000200002c8                PROVIDE (_end, _ebss)

._user_heap_stack
                0x00000000200002c8      0x400 load address 0x0000000008002a90
                0x00000000200002c8                . = ALIGN (0x4)
                0x00000000200002c8                . = (. + _Min_Heap_Size)
                0x00000000200006c8                . = (. + _Min_Stack_Size)
 *fill*         0x00000000200002c8      0x400 00
                0x00000000200006c8                . = ALIGN (0x4)

.ARM.attributes
                0x0000000000000000       0x39
 *(.ARM.attributes)
 .ARM.attributes
                0x0000000000000000       0x3b obj/SPI.o
 .ARM.attributes
                0x000000000000003b       0x3b obj/mBus.o
 .ARM.attributes
                0x0000000000000076       0x3b obj/mGeneral.o
 .ARM.attributes
                0x00000000000000b1       0x3b obj/mUSB.o
 .ARM.attributes
                0x00000000000000ec       0x3b obj/main.o
 .ARM.attributes
                0x0000000000000127       0x3b obj/stm32f37x_it.o
 .ARM.attributes
                0x0000000000000162       0x27 obj/startup_stm32f37x.o
 .ARM.attributes
                0x0000000000000189       0x3b lib/obj/libstm32f37x.a(stm32f37x_i2c_cpal.o)
 .ARM.attributes
                0x00000000000001c4       0x3b lib/obj/libstm32f37x.a(stm32f37x_i2c_cpal_hal.o)
 .ARM.attributes
                0x00000000000001ff       0x3b lib/obj/libstm32f37x.a(stm32f37x_dma.o)
 .ARM.attributes
                0x000000000000023a       0x3b lib/obj/libstm32f37x.a(stm32f37x_exti.o)
 .ARM.attributes
                0x0000000000000275       0x3b lib/obj/libstm32f37x.a(stm32f37x_gpio.o)
 .ARM.attributes
                0x00000000000002b0       0x3b lib/obj/libstm32f37x.a(stm32f37x_i2c.o)
 .ARM.attributes
                0x00000000000002eb       0x3b lib/obj/libstm32f37x.a(stm32f37x_misc.o)
 .ARM.attributes
                0x0000000000000326       0x3b lib/obj/libstm32f37x.a(stm32f37x_rcc.o)
 .ARM.attributes
                0x0000000000000361       0x3b lib/obj/libstm32f37x.a(stm32f37x_spi.o)
 .ARM.attributes
                0x000000000000039c       0x3b lib/obj/libstm32f37x.a(system_stm32f37x.o)
 .ARM.attributes
                0x00000000000003d7       0x3b lib/obj/libstm32f37x.a(usb_core.o)
 .ARM.attributes
                0x0000000000000412       0x3b lib/obj/libstm32f37x.a(usb_init.o)
 .ARM.attributes
                0x000000000000044d       0x3b lib/obj/libstm32f37x.a(usb_int.o)
 .ARM.attributes
                0x0000000000000488       0x3b lib/obj/libstm32f37x.a(usb_mem.o)
 .ARM.attributes
                0x00000000000004c3       0x3b lib/obj/libstm32f37x.a(usb_regs.o)
 .ARM.attributes
                0x00000000000004fe       0x3b lib/obj/libstm32f37x.a(usb_sil.o)
OUTPUT(obj/main.elf elf32-littlearm)

.debug_info     0x0000000000000000     0xd68e
 .debug_info    0x0000000000000000      0x6e7 obj/SPI.o
 .debug_info    0x00000000000006e7      0xc0f obj/mBus.o
 .debug_info    0x00000000000012f6      0x496 obj/mGeneral.o
 .debug_info    0x000000000000178c     0x2c74 obj/mUSB.o
 .debug_info    0x0000000000004400      0x288 obj/main.o
 .debug_info    0x0000000000004688      0x13d obj/stm32f37x_it.o
 .debug_info    0x00000000000047c5     0x12a0 lib/obj/libstm32f37x.a(stm32f37x_i2c_cpal.o)
 .debug_info    0x0000000000005a65     0x159a lib/obj/libstm32f37x.a(stm32f37x_i2c_cpal_hal.o)
 .debug_info    0x0000000000006fff      0x4ae lib/obj/libstm32f37x.a(stm32f37x_dma.o)
 .debug_info    0x00000000000074ad      0x377 lib/obj/libstm32f37x.a(stm32f37x_exti.o)
 .debug_info    0x0000000000007824      0x706 lib/obj/libstm32f37x.a(stm32f37x_gpio.o)
 .debug_info    0x0000000000007f2a      0xcf4 lib/obj/libstm32f37x.a(stm32f37x_i2c.o)
 .debug_info    0x0000000000008c1e      0x598 lib/obj/libstm32f37x.a(stm32f37x_misc.o)
 .debug_info    0x00000000000091b6      0xb43 lib/obj/libstm32f37x.a(stm32f37x_rcc.o)
 .debug_info    0x0000000000009cf9      0xc96 lib/obj/libstm32f37x.a(stm32f37x_spi.o)
 .debug_info    0x000000000000a98f      0x4fb lib/obj/libstm32f37x.a(system_stm32f37x.o)
 .debug_info    0x000000000000ae8a      0xf2f lib/obj/libstm32f37x.a(usb_core.o)
 .debug_info    0x000000000000bdb9      0x499 lib/obj/libstm32f37x.a(usb_init.o)
 .debug_info    0x000000000000c252      0x1ff lib/obj/libstm32f37x.a(usb_int.o)
 .debug_info    0x000000000000c451      0x1c4 lib/obj/libstm32f37x.a(usb_mem.o)
 .debug_info    0x000000000000c615      0xde0 lib/obj/libstm32f37x.a(usb_regs.o)
 .debug_info    0x000000000000d3f5      0x299 lib/obj/libstm32f37x.a(usb_sil.o)

.debug_abbrev   0x0000000000000000     0x2b21
 .debug_abbrev  0x0000000000000000      0x198 obj/SPI.o
 .debug_abbrev  0x0000000000000198      0x2a9 obj/mBus.o
 .debug_abbrev  0x0000000000000441      0x15b obj/mGeneral.o
 .debug_abbrev  0x000000000000059c      0x5cd obj/mUSB.o
 .debug_abbrev  0x0000000000000b69      0x158 obj/main.o
 .debug_abbrev  0x0000000000000cc1       0x69 obj/stm32f37x_it.o
 .debug_abbrev  0x0000000000000d2a      0x2d7 lib/obj/libstm32f37x.a(stm32f37x_i2c_cpal.o)
 .debug_abbrev  0x0000000000001001      0x26c lib/obj/libstm32f37x.a(stm32f37x_i2c_cpal_hal.o)
 .debug_abbrev  0x000000000000126d      0x191 lib/obj/libstm32f37x.a(stm32f37x_dma.o)
 .debug_abbrev  0x00000000000013fe      0x1e1 lib/obj/libstm32f37x.a(stm32f37x_exti.o)
 .debug_abbrev  0x00000000000015df      0x20f lib/obj/libstm32f37x.a(stm32f37x_gpio.o)
 .debug_abbrev  0x00000000000017ee      0x215 lib/obj/libstm32f37x.a(stm32f37x_i2c.o)
 .debug_abbrev  0x0000000000001a03      0x154 lib/obj/libstm32f37x.a(stm32f37x_misc.o)
 .debug_abbrev  0x0000000000001b57      0x234 lib/obj/libstm32f37x.a(stm32f37x_rcc.o)
 .debug_abbrev  0x0000000000001d8b      0x24e lib/obj/libstm32f37x.a(stm32f37x_spi.o)
 .debug_abbrev  0x0000000000001fd9      0x161 lib/obj/libstm32f37x.a(system_stm32f37x.o)
 .debug_abbrev  0x000000000000213a      0x3eb lib/obj/libstm32f37x.a(usb_core.o)
 .debug_abbrev  0x0000000000002525      0x122 lib/obj/libstm32f37x.a(usb_init.o)
 .debug_abbrev  0x0000000000002647       0xe7 lib/obj/libstm32f37x.a(usb_int.o)
 .debug_abbrev  0x000000000000272e       0xb0 lib/obj/libstm32f37x.a(usb_mem.o)
 .debug_abbrev  0x00000000000027de      0x20d lib/obj/libstm32f37x.a(usb_regs.o)
 .debug_abbrev  0x00000000000029eb      0x136 lib/obj/libstm32f37x.a(usb_sil.o)

.debug_loc      0x0000000000000000     0x5da6
 .debug_loc     0x0000000000000000       0x69 obj/SPI.o
 .debug_loc     0x0000000000000069      0x6e6 obj/mBus.o
 .debug_loc     0x000000000000074f       0x20 obj/mGeneral.o
 .debug_loc     0x000000000000076f      0xb4a obj/mUSB.o
 .debug_loc     0x00000000000012b9       0x53 obj/main.o
 .debug_loc     0x000000000000130c      0x4d3 lib/obj/libstm32f37x.a(stm32f37x_i2c_cpal.o)
 .debug_loc     0x00000000000017df      0x471 lib/obj/libstm32f37x.a(stm32f37x_i2c_cpal_hal.o)
 .debug_loc     0x0000000000001c50      0x275 lib/obj/libstm32f37x.a(stm32f37x_dma.o)
 .debug_loc     0x0000000000001ec5      0x24c lib/obj/libstm32f37x.a(stm32f37x_exti.o)
 .debug_loc     0x0000000000002111      0x3a6 lib/obj/libstm32f37x.a(stm32f37x_gpio.o)
 .debug_loc     0x00000000000024b7      0xab7 lib/obj/libstm32f37x.a(stm32f37x_i2c.o)
 .debug_loc     0x0000000000002f6e      0x1ca lib/obj/libstm32f37x.a(stm32f37x_misc.o)
 .debug_loc     0x0000000000003138      0x8b6 lib/obj/libstm32f37x.a(stm32f37x_rcc.o)
 .debug_loc     0x00000000000039ee      0x876 lib/obj/libstm32f37x.a(stm32f37x_spi.o)
 .debug_loc     0x0000000000004264      0x12d lib/obj/libstm32f37x.a(system_stm32f37x.o)
 .debug_loc     0x0000000000004391      0x9a1 lib/obj/libstm32f37x.a(usb_core.o)
 .debug_loc     0x0000000000004d32       0x20 lib/obj/libstm32f37x.a(usb_init.o)
 .debug_loc     0x0000000000004d52      0x120 lib/obj/libstm32f37x.a(usb_int.o)
 .debug_loc     0x0000000000004e72      0x191 lib/obj/libstm32f37x.a(usb_mem.o)
 .debug_loc     0x0000000000005003      0xc83 lib/obj/libstm32f37x.a(usb_regs.o)
 .debug_loc     0x0000000000005c86      0x120 lib/obj/libstm32f37x.a(usb_sil.o)

.debug_aranges  0x0000000000000000      0xc80
 .debug_aranges
                0x0000000000000000       0x28 obj/SPI.o
 .debug_aranges
                0x0000000000000028       0xa0 obj/mBus.o
 .debug_aranges
                0x00000000000000c8       0x20 obj/mGeneral.o
 .debug_aranges
                0x00000000000000e8      0x150 obj/mUSB.o
 .debug_aranges
                0x0000000000000238       0x20 obj/main.o
 .debug_aranges
                0x0000000000000258       0x58 obj/stm32f37x_it.o
 .debug_aranges
                0x00000000000002b0       0x80 lib/obj/libstm32f37x.a(stm32f37x_i2c_cpal.o)
 .debug_aranges
                0x0000000000000330       0xb0 lib/obj/libstm32f37x.a(stm32f37x_i2c_cpal_hal.o)
 .debug_aranges
                0x00000000000003e0       0x70 lib/obj/libstm32f37x.a(stm32f37x_dma.o)
 .debug_aranges
                0x0000000000000450       0x58 lib/obj/libstm32f37x.a(stm32f37x_exti.o)
 .debug_aranges
                0x00000000000004a8       0x80 lib/obj/libstm32f37x.a(stm32f37x_gpio.o)
 .debug_aranges
                0x0000000000000528      0x168 lib/obj/libstm32f37x.a(stm32f37x_i2c.o)
 .debug_aranges
                0x0000000000000690       0x40 lib/obj/libstm32f37x.a(stm32f37x_misc.o)
 .debug_aranges
                0x00000000000006d0      0x150 lib/obj/libstm32f37x.a(stm32f37x_rcc.o)
 .debug_aranges
                0x0000000000000820      0x110 lib/obj/libstm32f37x.a(stm32f37x_spi.o)
 .debug_aranges
                0x0000000000000930       0x28 lib/obj/libstm32f37x.a(system_stm32f37x.o)
 .debug_aranges
                0x0000000000000958       0x98 lib/obj/libstm32f37x.a(usb_core.o)
 .debug_aranges
                0x00000000000009f0       0x20 lib/obj/libstm32f37x.a(usb_init.o)
 .debug_aranges
                0x0000000000000a10       0x28 lib/obj/libstm32f37x.a(usb_int.o)
 .debug_aranges
                0x0000000000000a38       0x28 lib/obj/libstm32f37x.a(usb_mem.o)
 .debug_aranges
                0x0000000000000a60      0x1f0 lib/obj/libstm32f37x.a(usb_regs.o)
 .debug_aranges
                0x0000000000000c50       0x30 lib/obj/libstm32f37x.a(usb_sil.o)

.debug_ranges   0x0000000000000000      0xca0
 .debug_ranges  0x0000000000000000       0x18 obj/SPI.o
 .debug_ranges  0x0000000000000018       0x90 obj/mBus.o
 .debug_ranges  0x00000000000000a8       0x10 obj/mGeneral.o
 .debug_ranges  0x00000000000000b8      0x170 obj/mUSB.o
 .debug_ranges  0x0000000000000228       0x10 obj/main.o
 .debug_ranges  0x0000000000000238       0x48 obj/stm32f37x_it.o
 .debug_ranges  0x0000000000000280       0x70 lib/obj/libstm32f37x.a(stm32f37x_i2c_cpal.o)
 .debug_ranges  0x00000000000002f0       0xa0 lib/obj/libstm32f37x.a(stm32f37x_i2c_cpal_hal.o)
 .debug_ranges  0x0000000000000390       0x60 lib/obj/libstm32f37x.a(stm32f37x_dma.o)
 .debug_ranges  0x00000000000003f0       0x48 lib/obj/libstm32f37x.a(stm32f37x_exti.o)
 .debug_ranges  0x0000000000000438       0x70 lib/obj/libstm32f37x.a(stm32f37x_gpio.o)
 .debug_ranges  0x00000000000004a8      0x158 lib/obj/libstm32f37x.a(stm32f37x_i2c.o)
 .debug_ranges  0x0000000000000600       0x30 lib/obj/libstm32f37x.a(stm32f37x_misc.o)
 .debug_ranges  0x0000000000000630      0x140 lib/obj/libstm32f37x.a(stm32f37x_rcc.o)
 .debug_ranges  0x0000000000000770      0x100 lib/obj/libstm32f37x.a(stm32f37x_spi.o)
 .debug_ranges  0x0000000000000870       0x48 lib/obj/libstm32f37x.a(system_stm32f37x.o)
 .debug_ranges  0x00000000000008b8      0x160 lib/obj/libstm32f37x.a(usb_core.o)
 .debug_ranges  0x0000000000000a18       0x10 lib/obj/libstm32f37x.a(usb_init.o)
 .debug_ranges  0x0000000000000a28       0x18 lib/obj/libstm32f37x.a(usb_int.o)
 .debug_ranges  0x0000000000000a40       0x18 lib/obj/libstm32f37x.a(usb_mem.o)
 .debug_ranges  0x0000000000000a58      0x228 lib/obj/libstm32f37x.a(usb_regs.o)
 .debug_ranges  0x0000000000000c80       0x20 lib/obj/libstm32f37x.a(usb_sil.o)

.debug_line     0x0000000000000000     0x3cc5
 .debug_line    0x0000000000000000      0x16a obj/SPI.o
 .debug_line    0x000000000000016a      0x3ef obj/mBus.o
 .debug_line    0x0000000000000559      0x149 obj/mGeneral.o
 .debug_line    0x00000000000006a2      0x847 obj/mUSB.o
 .debug_line    0x0000000000000ee9      0x10c obj/main.o
 .debug_line    0x0000000000000ff5      0x145 obj/stm32f37x_it.o
 .debug_line    0x000000000000113a      0x526 lib/obj/libstm32f37x.a(stm32f37x_i2c_cpal.o)
 .debug_line    0x0000000000001660      0x3a1 lib/obj/libstm32f37x.a(stm32f37x_i2c_cpal_hal.o)
 .debug_line    0x0000000000001a01      0x1f0 lib/obj/libstm32f37x.a(stm32f37x_dma.o)
 .debug_line    0x0000000000001bf1      0x194 lib/obj/libstm32f37x.a(stm32f37x_exti.o)
 .debug_line    0x0000000000001d85      0x21e lib/obj/libstm32f37x.a(stm32f37x_gpio.o)
 .debug_line    0x0000000000001fa3      0x469 lib/obj/libstm32f37x.a(stm32f37x_i2c.o)
 .debug_line    0x000000000000240c      0x14b lib/obj/libstm32f37x.a(stm32f37x_misc.o)
 .debug_line    0x0000000000002557      0x423 lib/obj/libstm32f37x.a(stm32f37x_rcc.o)
 .debug_line    0x000000000000297a      0x3dd lib/obj/libstm32f37x.a(stm32f37x_spi.o)
 .debug_line    0x0000000000002d57      0x131 lib/obj/libstm32f37x.a(system_stm32f37x.o)
 .debug_line    0x0000000000002e88      0x40c lib/obj/libstm32f37x.a(usb_core.o)
 .debug_line    0x0000000000003294       0xdd lib/obj/libstm32f37x.a(usb_init.o)
 .debug_line    0x0000000000003371      0x15f lib/obj/libstm32f37x.a(usb_int.o)
 .debug_line    0x00000000000034d0      0x100 lib/obj/libstm32f37x.a(usb_mem.o)
 .debug_line    0x00000000000035d0      0x5d8 lib/obj/libstm32f37x.a(usb_regs.o)
 .debug_line    0x0000000000003ba8      0x11d lib/obj/libstm32f37x.a(usb_sil.o)

.debug_str      0x0000000000000000     0x4116
 .debug_str     0x0000000000000000      0x43d obj/SPI.o
                                        0x498 (size before relaxing)
 .debug_str     0x000000000000043d      0x5e9 obj/mBus.o
                                        0x772 (size before relaxing)
 .debug_str     0x0000000000000a26       0x38 obj/mGeneral.o
                                        0x381 (size before relaxing)
 .debug_str     0x0000000000000a5e     0x158d obj/mUSB.o
                                       0x1ab6 (size before relaxing)
 .debug_str     0x0000000000001feb       0x18 obj/main.o
                                        0x1f2 (size before relaxing)
 .debug_str     0x0000000000002003       0x93 obj/stm32f37x_it.o
                                        0x1cf (size before relaxing)
 .debug_str     0x0000000000002096      0x48f lib/obj/libstm32f37x.a(stm32f37x_i2c_cpal.o)
                                        0xe24 (size before relaxing)
 .debug_str     0x0000000000002525      0x40a lib/obj/libstm32f37x.a(stm32f37x_i2c_cpal_hal.o)
                                       0x1217 (size before relaxing)
 .debug_str     0x000000000000292f       0xfa lib/obj/libstm32f37x.a(stm32f37x_dma.o)
                                        0x397 (size before relaxing)
 .debug_str     0x0000000000002a29       0xba lib/obj/libstm32f37x.a(stm32f37x_exti.o)
                                        0x334 (size before relaxing)
 .debug_str     0x0000000000002ae3      0x128 lib/obj/libstm32f37x.a(stm32f37x_gpio.o)
                                        0x495 (size before relaxing)
 .debug_str     0x0000000000002c0b      0x379 lib/obj/libstm32f37x.a(stm32f37x_i2c.o)
                                        0x634 (size before relaxing)
 .debug_str     0x0000000000002f84       0xb4 lib/obj/libstm32f37x.a(stm32f37x_misc.o)
                                        0x3a9 (size before relaxing)
 .debug_str     0x0000000000003038      0x4fa lib/obj/libstm32f37x.a(stm32f37x_rcc.o)
                                        0x77c (size before relaxing)
 .debug_str     0x0000000000003532      0x372 lib/obj/libstm32f37x.a(stm32f37x_spi.o)
                                        0x77f (size before relaxing)
 .debug_str     0x00000000000038a4       0x60 lib/obj/libstm32f37x.a(system_stm32f37x.o)
                                        0x2d8 (size before relaxing)
 .debug_str     0x0000000000003904      0x42f lib/obj/libstm32f37x.a(usb_core.o)
                                        0xabb (size before relaxing)
 .debug_str     0x0000000000003d33       0x25 lib/obj/libstm32f37x.a(usb_init.o)
                                        0x50f (size before relaxing)
 .debug_str     0x0000000000003d58       0x20 lib/obj/libstm32f37x.a(usb_int.o)
                                        0x1eb (size before relaxing)
 .debug_str     0x0000000000003d78       0x42 lib/obj/libstm32f37x.a(usb_mem.o)
                                        0x1c4 (size before relaxing)
 .debug_str     0x0000000000003dba      0x301 lib/obj/libstm32f37x.a(usb_regs.o)
                                        0x54c (size before relaxing)
 .debug_str     0x00000000000040bb       0x5b lib/obj/libstm32f37x.a(usb_sil.o)
                                        0x22c (size before relaxing)

.comment        0x0000000000000000       0x70
 .comment       0x0000000000000000       0x70 obj/SPI.o
                                         0x71 (size before relaxing)
 .comment       0x0000000000000000       0x71 obj/mBus.o
 .comment       0x0000000000000000       0x71 obj/mGeneral.o
 .comment       0x0000000000000000       0x71 obj/mUSB.o
 .comment       0x0000000000000000       0x71 obj/main.o
 .comment       0x0000000000000000       0x71 obj/stm32f37x_it.o
 .comment       0x0000000000000000       0x71 lib/obj/libstm32f37x.a(stm32f37x_i2c_cpal.o)
 .comment       0x0000000000000000       0x71 lib/obj/libstm32f37x.a(stm32f37x_i2c_cpal_hal.o)
 .comment       0x0000000000000000       0x71 lib/obj/libstm32f37x.a(stm32f37x_dma.o)
 .comment       0x0000000000000000       0x71 lib/obj/libstm32f37x.a(stm32f37x_exti.o)
 .comment       0x0000000000000000       0x71 lib/obj/libstm32f37x.a(stm32f37x_gpio.o)
 .comment       0x0000000000000000       0x71 lib/obj/libstm32f37x.a(stm32f37x_i2c.o)
 .comment       0x0000000000000000       0x71 lib/obj/libstm32f37x.a(stm32f37x_misc.o)
 .comment       0x0000000000000000       0x71 lib/obj/libstm32f37x.a(stm32f37x_rcc.o)
 .comment       0x0000000000000000       0x71 lib/obj/libstm32f37x.a(stm32f37x_spi.o)
 .comment       0x0000000000000000       0x71 lib/obj/libstm32f37x.a(system_stm32f37x.o)
 .comment       0x0000000000000000       0x71 lib/obj/libstm32f37x.a(usb_core.o)
 .comment       0x0000000000000000       0x71 lib/obj/libstm32f37x.a(usb_init.o)
 .comment       0x0000000000000000       0x71 lib/obj/libstm32f37x.a(usb_int.o)
 .comment       0x0000000000000000       0x71 lib/obj/libstm32f37x.a(usb_mem.o)
 .comment       0x0000000000000000       0x71 lib/obj/libstm32f37x.a(usb_regs.o)
 .comment       0x0000000000000000       0x71 lib/obj/libstm32f37x.a(usb_sil.o)

.debug_frame    0x0000000000000000     0x1a2c
 .debug_frame   0x0000000000000000       0x40 obj/SPI.o
 .debug_frame   0x0000000000000040      0x1a0 obj/mBus.o
 .debug_frame   0x00000000000001e0       0x38 obj/mGeneral.o
 .debug_frame   0x0000000000000218      0x338 obj/mUSB.o
 .debug_frame   0x0000000000000550       0x28 obj/main.o
 .debug_frame   0x0000000000000578       0x90 obj/stm32f37x_it.o
 .debug_frame   0x0000000000000608      0x14c lib/obj/libstm32f37x.a(stm32f37x_i2c_cpal.o)
 .debug_frame   0x0000000000000754      0x1d4 lib/obj/libstm32f37x.a(stm32f37x_i2c_cpal_hal.o)
 .debug_frame   0x0000000000000928       0xcc lib/obj/libstm32f37x.a(stm32f37x_dma.o)
 .debug_frame   0x00000000000009f4       0x98 lib/obj/libstm32f37x.a(stm32f37x_exti.o)
 .debug_frame   0x0000000000000a8c      0x104 lib/obj/libstm32f37x.a(stm32f37x_gpio.o)
 .debug_frame   0x0000000000000b90      0x2c8 lib/obj/libstm32f37x.a(stm32f37x_i2c.o)
 .debug_frame   0x0000000000000e58       0x68 lib/obj/libstm32f37x.a(stm32f37x_misc.o)
 .debug_frame   0x0000000000000ec0      0x298 lib/obj/libstm32f37x.a(stm32f37x_rcc.o)
 .debug_frame   0x0000000000001158      0x228 lib/obj/libstm32f37x.a(stm32f37x_spi.o)
 .debug_frame   0x0000000000001380       0x34 lib/obj/libstm32f37x.a(system_stm32f37x.o)
 .debug_frame   0x00000000000013b4      0x19c lib/obj/libstm32f37x.a(usb_core.o)
 .debug_frame   0x0000000000001550       0x28 lib/obj/libstm32f37x.a(usb_init.o)
 .debug_frame   0x0000000000001578       0x48 lib/obj/libstm32f37x.a(usb_int.o)
 .debug_frame   0x00000000000015c0       0x44 lib/obj/libstm32f37x.a(usb_mem.o)
 .debug_frame   0x0000000000001604      0x3d0 lib/obj/libstm32f37x.a(usb_regs.o)
 .debug_frame   0x00000000000019d4       0x58 lib/obj/libstm32f37x.a(usb_sil.o)
